Archive member included to satisfy reference by file (symbol)

c:/program files (x86)/atollic/truestudio for stm32 9.0.0/armtools/bin/../lib/gcc/arm-atollic-eabi/6.3.1/../../../../arm-atollic-eabi/lib/armv7e-m/fpu\libc_nano.a(lib_a-atoi.o)
                              Src\main.o (atoi)
c:/program files (x86)/atollic/truestudio for stm32 9.0.0/armtools/bin/../lib/gcc/arm-atollic-eabi/6.3.1/../../../../arm-atollic-eabi/lib/armv7e-m/fpu\libc_nano.a(lib_a-init.o)
                              startup\startup_stm32f303xe.o (__libc_init_array)
c:/program files (x86)/atollic/truestudio for stm32 9.0.0/armtools/bin/../lib/gcc/arm-atollic-eabi/6.3.1/../../../../arm-atollic-eabi/lib/armv7e-m/fpu\libc_nano.a(lib_a-malloc.o)
                              Src\stm32_adafruit_sd.o (malloc)
c:/program files (x86)/atollic/truestudio for stm32 9.0.0/armtools/bin/../lib/gcc/arm-atollic-eabi/6.3.1/../../../../arm-atollic-eabi/lib/armv7e-m/fpu\libc_nano.a(lib_a-memcmp.o)
                              MPU9250\util\inv_mpu.o (memcmp)
c:/program files (x86)/atollic/truestudio for stm32 9.0.0/armtools/bin/../lib/gcc/arm-atollic-eabi/6.3.1/../../../../arm-atollic-eabi/lib/armv7e-m/fpu\libc_nano.a(lib_a-memcpy-stub.o)
                              MPU9250\util\stm32_mpu9250_i2c.o (memcpy)
c:/program files (x86)/atollic/truestudio for stm32 9.0.0/armtools/bin/../lib/gcc/arm-atollic-eabi/6.3.1/../../../../arm-atollic-eabi/lib/armv7e-m/fpu\libc_nano.a(lib_a-memset.o)
                              Src\main.o (memset)
c:/program files (x86)/atollic/truestudio for stm32 9.0.0/armtools/bin/../lib/gcc/arm-atollic-eabi/6.3.1/../../../../arm-atollic-eabi/lib/armv7e-m/fpu\libc_nano.a(lib_a-nano-freer.o)
                              c:/program files (x86)/atollic/truestudio for stm32 9.0.0/armtools/bin/../lib/gcc/arm-atollic-eabi/6.3.1/../../../../arm-atollic-eabi/lib/armv7e-m/fpu\libc_nano.a(lib_a-malloc.o) (_free_r)
c:/program files (x86)/atollic/truestudio for stm32 9.0.0/armtools/bin/../lib/gcc/arm-atollic-eabi/6.3.1/../../../../arm-atollic-eabi/lib/armv7e-m/fpu\libc_nano.a(lib_a-nano-mallocr.o)
                              c:/program files (x86)/atollic/truestudio for stm32 9.0.0/armtools/bin/../lib/gcc/arm-atollic-eabi/6.3.1/../../../../arm-atollic-eabi/lib/armv7e-m/fpu\libc_nano.a(lib_a-malloc.o) (_malloc_r)
c:/program files (x86)/atollic/truestudio for stm32 9.0.0/armtools/bin/../lib/gcc/arm-atollic-eabi/6.3.1/../../../../arm-atollic-eabi/lib/armv7e-m/fpu\libc_nano.a(lib_a-puts.o)
                              Src\main.o (puts)
c:/program files (x86)/atollic/truestudio for stm32 9.0.0/armtools/bin/../lib/gcc/arm-atollic-eabi/6.3.1/../../../../arm-atollic-eabi/lib/armv7e-m/fpu\libc_nano.a(lib_a-sbrkr.o)
                              c:/program files (x86)/atollic/truestudio for stm32 9.0.0/armtools/bin/../lib/gcc/arm-atollic-eabi/6.3.1/../../../../arm-atollic-eabi/lib/armv7e-m/fpu\libc_nano.a(lib_a-nano-mallocr.o) (_sbrk_r)
c:/program files (x86)/atollic/truestudio for stm32 9.0.0/armtools/bin/../lib/gcc/arm-atollic-eabi/6.3.1/../../../../arm-atollic-eabi/lib/armv7e-m/fpu\libc_nano.a(lib_a-sprintf.o)
                              Src\main.o (sprintf)
c:/program files (x86)/atollic/truestudio for stm32 9.0.0/armtools/bin/../lib/gcc/arm-atollic-eabi/6.3.1/../../../../arm-atollic-eabi/lib/armv7e-m/fpu\libc_nano.a(lib_a-strcpy.o)
                              Src\main.o (strcpy)
c:/program files (x86)/atollic/truestudio for stm32 9.0.0/armtools/bin/../lib/gcc/arm-atollic-eabi/6.3.1/../../../../arm-atollic-eabi/lib/armv7e-m/fpu\libc_nano.a(lib_a-strtol.o)
                              c:/program files (x86)/atollic/truestudio for stm32 9.0.0/armtools/bin/../lib/gcc/arm-atollic-eabi/6.3.1/../../../../arm-atollic-eabi/lib/armv7e-m/fpu\libc_nano.a(lib_a-atoi.o) (_strtol_r)
c:/program files (x86)/atollic/truestudio for stm32 9.0.0/armtools/bin/../lib/gcc/arm-atollic-eabi/6.3.1/../../../../arm-atollic-eabi/lib/armv7e-m/fpu\libc_nano.a(lib_a-wbuf.o)
                              c:/program files (x86)/atollic/truestudio for stm32 9.0.0/armtools/bin/../lib/gcc/arm-atollic-eabi/6.3.1/../../../../arm-atollic-eabi/lib/armv7e-m/fpu\libc_nano.a(lib_a-puts.o) (__swbuf_r)
c:/program files (x86)/atollic/truestudio for stm32 9.0.0/armtools/bin/../lib/gcc/arm-atollic-eabi/6.3.1/../../../../arm-atollic-eabi/lib/armv7e-m/fpu\libc_nano.a(lib_a-wsetup.o)
                              c:/program files (x86)/atollic/truestudio for stm32 9.0.0/armtools/bin/../lib/gcc/arm-atollic-eabi/6.3.1/../../../../arm-atollic-eabi/lib/armv7e-m/fpu\libc_nano.a(lib_a-puts.o) (__swsetup_r)
c:/program files (x86)/atollic/truestudio for stm32 9.0.0/armtools/bin/../lib/gcc/arm-atollic-eabi/6.3.1/../../../../arm-atollic-eabi/lib/armv7e-m/fpu\libc_nano.a(lib_a-fflush.o)
[...]
Memory Configuration

Name             Origin             Length             Attributes
RAM              0x20000000         0x00010000         xrw
CCMRAM           0x10000000         0x00004000         rw
FLASH            0x08000000         0x00080000         xr
*default*        0x00000000         0xffffffff

Linker script and memory map

LOAD c:/program files (x86)/atollic/truestudio for stm32 9.0.0/armtools/bin/../lib/gcc/arm-atollic-eabi/6.3.1/armv7e-m/fpu/crti.o
LOAD c:/program files (x86)/atollic/truestudio for stm32 9.0.0/armtools/bin/../lib/gcc/arm-atollic-eabi/6.3.1/armv7e-m/fpu/crtbegin.o
LOAD Drivers\STM32F3xx_HAL_Driver\Src\stm32f3xx_hal.o
LOAD Drivers\STM32F3xx_HAL_Driver\Src\stm32f3xx_hal_cortex.o
LOAD Drivers\STM32F3xx_HAL_Driver\Src\stm32f3xx_hal_dma.o
LOAD Drivers\STM32F3xx_HAL_Driver\Src\stm32f3xx_hal_flash.o
LOAD Drivers\STM32F3xx_HAL_Driver\Src\stm32f3xx_hal_flash_ex.o
LOAD Drivers\STM32F3xx_HAL_Driver\Src\stm32f3xx_hal_gpio.o
LOAD Drivers\STM32F3xx_HAL_Driver\Src\stm32f3xx_hal_i2c.o
LOAD Drivers\STM32F3xx_HAL_Driver\Src\stm32f3xx_hal_i2c_ex.o
LOAD Drivers\STM32F3xx_HAL_Driver\Src\stm32f3xx_hal_pwr.o
LOAD Drivers\STM32F3xx_HAL_Driver\Src\stm32f3xx_hal_pwr_ex.o
LOAD Drivers\STM32F3xx_HAL_Driver\Src\stm32f3xx_hal_rcc.o
LOAD Drivers\STM32F3xx_HAL_Driver\Src\stm32f3xx_hal_rcc_ex.o
LOAD Drivers\STM32F3xx_HAL_Driver\Src\stm32f3xx_hal_rtc.o
LOAD Drivers\STM32F3xx_HAL_Driver\Src\stm32f3xx_hal_rtc_ex.o
LOAD Drivers\STM32F3xx_HAL_Driver\Src\stm32f3xx_hal_spi.o
LOAD Drivers\STM32F3xx_HAL_Driver\Src\stm32f3xx_hal_spi_ex.o
LOAD Drivers\STM32F3xx_HAL_Driver\Src\stm32f3xx_hal_tim.o
LOAD Drivers\STM32F3xx_HAL_Driver\Src\stm32f3xx_hal_tim_ex.o
LOAD Drivers\STM32F3xx_HAL_Driver\Src\stm32f3xx_hal_uart.o
LOAD Drivers\STM32F3xx_HAL_Driver\Src\stm32f3xx_hal_uart_ex.o
LOAD MPU9250\MPU9250.o
LOAD MPU9250\util\inv_mpu.o
LOAD MPU9250\util\inv_mpu_dmp_motion_driver.o
LOAD MPU9250\util\stm32_mpu9250_clk.o
LOAD MPU9250\util\stm32_mpu9250_i2c.o
LOAD Middlewares\Third_Party\FatFs\src\diskio.o
LOAD Middlewares\Third_Party\FatFs\src\ff.o
LOAD Middlewares\Third_Party\FatFs\src\ff_gen_drv.o
LOAD Middlewares\Third_Party\FatFs\src\option\syscall.o
LOAD Src\LPS22HB.o
LOAD Src\fatfs.o
LOAD Src\main.o
LOAD Src\sd_diskio.o
LOAD Src\stm32_adafruit_sd.o
LOAD Src\stm32f3xx_hal_msp.o
LOAD Src\stm32f3xx_it.o
LOAD Src\stm32f3xx_nucleo.o
LOAD Src\system_stm32f3xx.o
LOAD Src\user_diskio.o
LOAD Src\xprintf.o
LOAD startup\startup_stm32f303xe.o
                0x00000080                malloc_getpagesize_P = 0x80
START GROUP
LOAD c:/program files (x86)/atollic/truestudio for stm32 9.0.0/armtools/bin/../lib/gcc/arm-atollic-eabi/6.3.1/../../../../arm-atollic-eabi/lib/armv7e-m/fpu\libc_nano.a
LOAD c:/program files (x86)/atollic/truestudio for stm32 9.0.0/armtools/bin/../lib/gcc/arm-atollic-eabi/6.3.1/../../../../arm-atollic-eabi/lib/armv7e-m/fpu\libm.a
END GROUP
START GROUP
LOAD c:/program files (x86)/atollic/truestudio for stm32 9.0.0/armtools/bin/../lib/gcc/arm-atollic-eabi/6.3.1/armv7e-m/fpu\libgcc.a
LOAD c:/program files (x86)/atollic/truestudio for stm32 9.0.0/armtools/bin/../lib/gcc/arm-atollic-eabi/6.3.1/../../../../arm-atollic-eabi/lib/armv7e-m/fpu\libc_nano.a
END GROUP
START GROUP
LOAD c:/program files (x86)/atollic/truestudio for stm32 9.0.0/armtools/bin/../lib/gcc/arm-atollic-eabi/6.3.1/armv7e-m/fpu\libgcc.a
LOAD c:/program files (x86)/atollic/truestudio for stm32 9.0.0/armtools/bin/../lib/gcc/arm-atollic-eabi/6.3.1/../../../../arm-atollic-eabi/lib/armv7e-m/fpu\libc_nano.a
LOAD c:/program files (x86)/atollic/truestudio for stm32 9.0.0/armtools/bin/../lib/gcc/arm-atollic-eabi/6.3.1/../../../../arm-atollic-eabi/lib/armv7e-m/fpu\libnosys.a
END GROUP
START GROUP
LOAD c:/program files (x86)/atollic/truestudio for stm32 9.0.0/armtools/bin/../lib/gcc/arm-atollic-eabi/6.3.1/armv7e-m/fpu\libgcc.a
LOAD c:/program files (x86)/atollic/truestudio for stm32 9.0.0/armtools/bin/../lib/gcc/arm-atollic-eabi/6.3.1/../../../../arm-atollic-eabi/lib/armv7e-m/fpu\libc_nano.a
LOAD c:/program files (x86)/atollic/truestudio for stm32 9.0.0/armtools/bin/../lib/gcc/arm-atollic-eabi/6.3.1/../../../../arm-atollic-eabi/lib/armv7e-m/fpu\libnosys.a
END GROUP
LOAD c:/program files (x86)/atollic/truestudio for stm32 9.0.0/armtools/bin/../lib/gcc/arm-atollic-eabi/6.3.1/armv7e-m/fpu/crtend.o
LOAD c:/program files (x86)/atollic/truestudio for stm32 9.0.0/armtools/bin/../lib/gcc/arm-atollic-eabi/6.3.1/armv7e-m/fpu/crtn.o
                0x20010000                _estack = 0x20010000
                0x00000200                _Min_Heap_Size = 0x200
                0x00000400                _Min_Stack_Size = 0x400

.isr_vector     0x08000000      0x194
                0x08000000                . = ALIGN (0x4)
 *(.isr_vector)
 .isr_vector    0x08000000      0x194 startup\startup_stm32f303xe.o
                0x08000000                g_pfnVectors
                0x08000194                . = ALIGN (0x4)

.text           0x080001a0     0x7c24
                0x080001a0                . = ALIGN (0x4)
 *(.text)
 .text          0x080001a0       0x40 c:/program files (x86)/atollic/truestudio for stm32 9.0.0/armtools/bin/../lib/gcc/arm-atollic-eabi/6.3.1/armv7e-m/fpu/crtbegin.o
 .text          0x080001e0       0xa0 c:/program files (x86)/atollic/truestudio for stm32 9.0.0/armtools/bin/../lib/gcc/arm-atollic-eabi/6.3.1/../../../../arm-atollic-eabi/lib/armv7e-m/fpu\libc_nano.a(lib_a-memchr.o)
                0x080001e0                memchr
 .text          0x08000280      0x370 c:/program files (x86)/atollic/truestudio for stm32 9.0.0/armtools/bin/../lib/gcc/arm-atollic-eabi/6.3.1/armv7e-m/fpu\libgcc.a(_arm_addsubdf3.o)
                0x08000280                __aeabi_drsub
                0x08000288                __aeabi_dsub
                0x08000288                __subdf3
                0x0800028c                __aeabi_dadd
                0x0800028c                __adddf3
                0x08000504                __floatunsidf
                0x08000504                __aeabi_ui2d
                0x08000524                __floatsidf
                0x08000524                __aeabi_i2d
                0x08000548                __aeabi_f2d
                0x08000548                __extendsfdf2
                0x08000584                __floatundidf
                0x08000584                __aeabi_ul2d
                0x08000594                __floatdidf
                0x08000594                __aeabi_l2d
 *(.text*)
 .text.HAL_InitTick
                0x080005f0       0x28 Drivers\STM32F3xx_HAL_Driver\Src\stm32f3xx_hal.o
                0x080005f0                HAL_InitTick
 .text.HAL_Init
                0x08000618       0x24 Drivers\STM32F3xx_HAL_Driver\Src\stm32f3xx_hal.o
                0x08000618                HAL_Init
 .text.HAL_IncTick
                0x0800063c       0x10 Drivers\STM32F3xx_HAL_Driver\Src\stm32f3xx_hal.o
                0x0800063c                HAL_IncTick
 .text.HAL_GetTick
                0x0800064c        0xc Drivers\STM32F3xx_HAL_Driver\Src\stm32f3xx_hal.o
                0x0800064c                HAL_GetTick
 .text.HAL_Delay
                0x08000658       0x20 Drivers\STM32F3xx_HAL_Driver\Src\stm32f3xx_hal.o
                0x08000658                HAL_Delay
 .text.HAL_NVIC_SetPriorityGrouping
                0x08000678       0x24 Drivers\STM32F3xx_HAL_Driver\Src\stm32f3xx_hal_cortex.o
                0x08000678                HAL_NVIC_SetPriorityGrouping
 .text.HAL_NVIC_SetPriority
                0x0800069c       0x68 Drivers\STM32F3xx_HAL_Driver\Src\stm32f3xx_hal_cortex.o
                0x0800069c                HAL_NVIC_SetPriority
 .text.HAL_NVIC_EnableIRQ
                0x08000704       0x18 Drivers\STM32F3xx_HAL_Driver\Src\stm32f3xx_hal_cortex.o
                0x08000704                HAL_NVIC_EnableIRQ
 .text.HAL_SYSTICK_Config
                0x0800071c       0x2c Drivers\STM32F3xx_HAL_Driver\Src\stm32f3xx_hal_cortex.o
                0x0800071c                HAL_SYSTICK_Config
 .text.HAL_SYSTICK_CLKSourceConfig
                0x08000748       0x18 Drivers\STM32F3xx_HAL_Driver\Src\stm32f3xx_hal_cortex.o
                0x08000748                HAL_SYSTICK_CLKSourceConfig
 .text.HAL_SYSTICK_IRQHandler
                0x08000760        0x8 Drivers\STM32F3xx_HAL_Driver\Src\stm32f3xx_hal_cortex.o
                0x08000760                HAL_SYSTICK_IRQHandler
 .text.HAL_GPIO_Init
                0x08000768      0x1a0 Drivers\STM32F3xx_HAL_Driver\Src\stm32f3xx_hal_gpio.o
                0x08000768                HAL_GPIO_Init
 .text.HAL_GPIO_WritePin
                0x08000908        0xa Drivers\STM32F3xx_HAL_Driver\Src\stm32f3xx_hal_gpio.o
                0x08000908                HAL_GPIO_WritePin
 *fill*         0x08000912        0x2 
 .text.HAL_GPIO_EXTI_IRQHandler
                0x08000914       0x18 Drivers\STM32F3xx_HAL_Driver\Src\stm32f3xx_hal_gpio.o
                0x08000914                HAL_GPIO_EXTI_IRQHandler
 .text.I2C_Flush_TXDR
                0x0800092c       0x1c Drivers\STM32F3xx_HAL_Driver\Src\stm32f3xx_hal_i2c.o
 .text.I2C_TransferConfig
                0x08000948       0x2a Drivers\STM32F3xx_HAL_Driver\Src\stm32f3xx_hal_i2c.o
 .text.I2C_WaitOnFlagUntilTimeout
                0x08000972       0x4e Drivers\STM32F3xx_HAL_Driver\Src\stm32f3xx_hal_i2c.o
 .text.I2C_IsAcknowledgeFailed
                0x080009c0       0x7a Drivers\STM32F3xx_HAL_Driver\Src\stm32f3xx_hal_i2c.o
 .text.I2C_WaitOnTXISFlagUntilTimeout
                0x08000a3a       0x52 Drivers\STM32F3xx_HAL_Driver\Src\stm32f3xx_hal_i2c.o
 .text.I2C_RequestMemoryWrite
                0x08000a8c       0x68 Drivers\STM32F3xx_HAL_Driver\Src\stm32f3xx_hal_i2c.o
 .text.I2C_RequestMemoryRead
                0x08000af4       0x66 Drivers\STM32F3xx_HAL_Driver\Src\stm32f3xx_hal_i2c.o
 .text.I2C_WaitOnRXNEFlagUntilTimeout
                0x08000b5a       0x78 Drivers\STM32F3xx_HAL_Driver\Src\stm32f3xx_hal_i2c.o
 .text.I2C_WaitOnSTOPFlagUntilTimeout
                0x08000bd2       0x4e Drivers\STM32F3xx_HAL_Driver\Src\stm32f3xx_hal_i2c.o
 .text.HAL_I2C_Init
                0x08000c20       0xa2 Drivers\STM32F3xx_HAL_Driver\Src\stm32f3xx_hal_i2c.o
                0x08000c20                HAL_I2C_Init
 .text.HAL_I2C_Master_Transmit
                0x08000cc2      0x132 Drivers\STM32F3xx_HAL_Driver\Src\stm32f3xx_hal_i2c.o
                0x08000cc2                HAL_I2C_Master_Transmit
 .text.HAL_I2C_Master_Receive
                0x08000df4      0x132 Drivers\STM32F3xx_HAL_Driver\Src\stm32f3xx_hal_i2c.o
                0x08000df4                HAL_I2C_Master_Receive
 .text.HAL_I2C_Mem_Write
                0x08000f26      0x170 Drivers\STM32F3xx_HAL_Driver\Src\stm32f3xx_hal_i2c.o
                0x08000f26                HAL_I2C_Mem_Write
 .text.HAL_I2C_Mem_Read
                0x08001096      0x17c Drivers\STM32F3xx_HAL_Driver\Src\stm32f3xx_hal_i2c.o
                0x08001096                HAL_I2C_Mem_Read
 .text.HAL_I2C_IsDeviceReady
                0x08001212      0x114 Drivers\STM32F3xx_HAL_Driver\Src\stm32f3xx_hal_i2c.o
                0x08001212                HAL_I2C_IsDeviceReady
 .text.HAL_I2CEx_ConfigAnalogFilter
                0x08001326       0x4c Drivers\STM32F3xx_HAL_Driver\Src\stm32f3xx_hal_i2c_ex.o
                0x08001326                HAL_I2CEx_ConfigAnalogFilter
 .text.HAL_I2CEx_ConfigDigitalFilter
                0x08001372       0x4a Drivers\STM32F3xx_HAL_Driver\Src\stm32f3xx_hal_i2c_ex.o
                0x08001372                HAL_I2CEx_ConfigDigitalFilter
 .text.HAL_RCC_OscConfig
                0x080013bc      0x4f8 Drivers\STM32F3xx_HAL_Driver\Src\stm32f3xx_hal_rcc.o
                0x080013bc                HAL_RCC_OscConfig
 .text.HAL_RCC_GetSysClockFreq
                0x080018b4       0x58 Drivers\STM32F3xx_HAL_Driver\Src\stm32f3xx_hal_rcc.o
                0x080018b4                HAL_RCC_GetSysClockFreq
 .text.HAL_RCC_ClockConfig
                0x0800190c      0x184 Drivers\STM32F3xx_HAL_Driver\Src\stm32f3xx_hal_rcc.o
                0x0800190c                HAL_RCC_ClockConfig
 .text.HAL_RCC_GetHCLKFreq
                0x08001a90        0xc Drivers\STM32F3xx_HAL_Driver\Src\stm32f3xx_hal_rcc.o
                0x08001a90                HAL_RCC_GetHCLKFreq
 .text.HAL_RCC_GetPCLK1Freq
                0x08001a9c       0x30 Drivers\STM32F3xx_HAL_Driver\Src\stm32f3xx_hal_rcc.o
                0x08001a9c                HAL_RCC_GetPCLK1Freq
 .text.HAL_RCC_GetPCLK2Freq
                0x08001acc       0x30 Drivers\STM32F3xx_HAL_Driver\Src\stm32f3xx_hal_rcc.o
                0x08001acc                HAL_RCC_GetPCLK2Freq
 .text.HAL_RCCEx_PeriphCLKConfig
                0x08001afc      0x288 Drivers\STM32F3xx_HAL_Driver\Src\stm32f3xx_hal_rcc_ex.o
                0x08001afc                HAL_RCCEx_PeriphCLKConfig
 .text.HAL_RTC_WaitForSynchro
                0x08001d84       0x30 Drivers\STM32F3xx_HAL_Driver\Src\stm32f3xx_hal_rtc.o
                0x08001d84                HAL_RTC_WaitForSynchro
 .text.RTC_EnterInitMode
                0x08001db4       0x34 Drivers\STM32F3xx_HAL_Driver\Src\stm32f3xx_hal_rtc.o
                0x08001db4                RTC_EnterInitMode
 .text.HAL_RTC_Init
                0x08001de8       0x9c Drivers\STM32F3xx_HAL_Driver\Src\stm32f3xx_hal_rtc.o
                0x08001de8                HAL_RTC_Init
 .text.RTC_ByteToBcd2
                0x08001e84       0x16 Drivers\STM32F3xx_HAL_Driver\Src\stm32f3xx_hal_rtc.o
                0x08001e84                RTC_ByteToBcd2
 .text.HAL_RTC_SetTime
                0x08001e9a       0xe0 Drivers\STM32F3xx_HAL_Driver\Src\stm32f3xx_hal_rtc.o
                0x08001e9a                HAL_RTC_SetTime
 .text.HAL_RTC_SetDate
                0x08001f7a       0xc0 Drivers\STM32F3xx_HAL_Driver\Src\stm32f3xx_hal_rtc.o
                0x08001f7a                HAL_RTC_SetDate
 .text.HAL_RTCEx_BKUPWrite
                0x0800203a        0xa Drivers\STM32F3xx_HAL_Driver\Src\stm32f3xx_hal_rtc_ex.o
                0x0800203a                HAL_RTCEx_BKUPWrite
 .text.HAL_RTCEx_BKUPRead
                0x08002044        0xa Drivers\STM32F3xx_HAL_Driver\Src\stm32f3xx_hal_rtc_ex.o
                0x08002044                HAL_RTCEx_BKUPRead
 .text.HAL_SPI_Init
                0x0800204e       0xaa Drivers\STM32F3xx_HAL_Driver\Src\stm32f3xx_hal_spi.o
                0x0800204e                HAL_SPI_Init
 .text.HAL_TIM_Base_Start
                0x080020f8       0x1a Drivers\STM32F3xx_HAL_Driver\Src\stm32f3xx_hal_tim.o
                0x080020f8                HAL_TIM_Base_Start
 .text.HAL_TIM_Base_Start_IT
                0x08002112       0x16 Drivers\STM32F3xx_HAL_Driver\Src\stm32f3xx_hal_tim.o
                0x08002112                HAL_TIM_Base_Start_IT
 .text.HAL_TIM_OC_MspInit
                0x08002128        0x2 Drivers\STM32F3xx_HAL_Driver\Src\stm32f3xx_hal_tim.o
                0x08002128                HAL_TIM_OC_MspInit
 .text.HAL_TIM_OnePulse_MspInit
                0x0800212a        0x2 Drivers\STM32F3xx_HAL_Driver\Src\stm32f3xx_hal_tim.o
                0x0800212a                HAL_TIM_OnePulse_MspInit
 .text.HAL_TIM_OnePulse_Start_IT
                0x0800212c       0x70 Drivers\STM32F3xx_HAL_Driver\Src\stm32f3xx_hal_tim.o
                0x0800212c                HAL_TIM_OnePulse_Start_IT
 .text.HAL_TIM_PeriodElapsedCallback
                0x0800219c        0x2 Drivers\STM32F3xx_HAL_Driver\Src\stm32f3xx_hal_tim.o
                0x0800219c                HAL_TIM_PeriodElapsedCallback
 .text.HAL_TIM_IC_CaptureCallback
                0x0800219e        0x2 Drivers\STM32F3xx_HAL_Driver\Src\stm32f3xx_hal_tim.o
                0x0800219e                HAL_TIM_IC_CaptureCallback
 .text.HAL_TIM_PWM_PulseFinishedCallback
                0x080021a0        0x2 Drivers\STM32F3xx_HAL_Driver\Src\stm32f3xx_hal_tim.o
                0x080021a0                HAL_TIM_PWM_PulseFinishedCallback
 .text.HAL_TIM_TriggerCallback
                0x080021a2        0x2 Drivers\STM32F3xx_HAL_Driver\Src\stm32f3xx_hal_tim.o
                0x080021a2                HAL_TIM_TriggerCallback
 .text.HAL_TIM_IRQHandler
                0x080021a4      0x160 Drivers\STM32F3xx_HAL_Driver\Src\stm32f3xx_hal_tim.o
                0x080021a4                HAL_TIM_IRQHandler
 .text.TIM_Base_SetConfig
                0x08002304       0xd4 Drivers\STM32F3xx_HAL_Driver\Src\stm32f3xx_hal_tim.o
                0x08002304                TIM_Base_SetConfig
 .text.HAL_TIM_Base_Init
                0x080023d8       0x34 Drivers\STM32F3xx_HAL_Driver\Src\stm32f3xx_hal_tim.o
                0x080023d8                HAL_TIM_Base_Init
 .text.HAL_TIM_OC_Init
                0x0800240c       0x34 Drivers\STM32F3xx_HAL_Driver\Src\stm32f3xx_hal_tim.o
                0x0800240c                HAL_TIM_OC_Init
 .text.HAL_TIM_OnePulse_Init
                0x08002440       0x46 Drivers\STM32F3xx_HAL_Driver\Src\stm32f3xx_hal_tim.o
                0x08002440                HAL_TIM_OnePulse_Init
 *fill*         0x08002486        0x2 
 .text.TIM_OC1_SetConfig
                0x08002488       0xa8 Drivers\STM32F3xx_HAL_Driver\Src\stm32f3xx_hal_tim.o
                0x08002488                TIM_OC1_SetConfig
 .text.TIM_OC2_SetConfig
                0x08002530       0x9c Drivers\STM32F3xx_HAL_Driver\Src\stm32f3xx_hal_tim.o
                0x08002530                TIM_OC2_SetConfig
 .text.TIM_OC3_SetConfig
                0x080025cc       0x98 Drivers\STM32F3xx_HAL_Driver\Src\stm32f3xx_hal_tim.o
                0x080025cc                TIM_OC3_SetConfig
 .text.TIM_OC4_SetConfig
                0x08002664       0x70 Drivers\STM32F3xx_HAL_Driver\Src\stm32f3xx_hal_tim.o
                0x08002664                TIM_OC4_SetConfig
 .text.TIM_ETR_SetConfig
                0x080026d4       0x14 Drivers\STM32F3xx_HAL_Driver\Src\stm32f3xx_hal_tim.o
                0x080026d4                TIM_ETR_SetConfig
 .text.HAL_TIM_ConfigClockSource
                0x080026e8      0x16c Drivers\STM32F3xx_HAL_Driver\Src\stm32f3xx_hal_tim.o
                0x080026e8                HAL_TIM_ConfigClockSource
 .text.TIM_OC5_SetConfig
                0x08002854       0x70 Drivers\STM32F3xx_HAL_Driver\Src\stm32f3xx_hal_tim_ex.o
 .text.TIM_OC6_SetConfig
                0x080028c4       0x70 Drivers\STM32F3xx_HAL_Driver\Src\stm32f3xx_hal_tim_ex.o
 .text.HAL_TIM_OC_ConfigChannel
                0x08002934       0x70 Drivers\STM32F3xx_HAL_Driver\Src\stm32f3xx_hal_tim_ex.o
                0x08002934                HAL_TIM_OC_ConfigChannel
 .text.HAL_TIMEx_MasterConfigSynchronization
                0x080029a4       0x54 Drivers\STM32F3xx_HAL_Driver\Src\stm32f3xx_hal_tim_ex.o
                0x080029a4                HAL_TIMEx_MasterConfigSynchronization
 .text.HAL_TIMEx_ConfigBreakDeadTime
                0x080029f8       0x8c Drivers\STM32F3xx_HAL_Driver\Src\stm32f3xx_hal_tim_ex.o
                0x080029f8                HAL_TIMEx_ConfigBreakDeadTime
 .text.HAL_TIMEx_CommutationCallback
                0x08002a84        0x2 Drivers\STM32F3xx_HAL_Driver\Src\stm32f3xx_hal_tim_ex.o
                0x08002a84                HAL_TIMEx_CommutationCallback
 .text.HAL_TIMEx_BreakCallback
                0x08002a86        0x2 Drivers\STM32F3xx_HAL_Driver\Src\stm32f3xx_hal_tim_ex.o
                0x08002a86                HAL_TIMEx_BreakCallback
 .text.HAL_TIMEx_Break2Callback
                0x08002a88        0x2 Drivers\STM32F3xx_HAL_Driver\Src\stm32f3xx_hal_tim_ex.o
                0x08002a88                HAL_TIMEx_Break2Callback
 *fill*         0x08002a8a        0x2 
 .text.UART_SetConfig
                0x08002a8c      0x210 Drivers\STM32F3xx_HAL_Driver\Src\stm32f3xx_hal_uart.o
                0x08002a8c                UART_SetConfig
 .text.UART_AdvFeatureConfig
                0x08002c9c       0xa8 Drivers\STM32F3xx_HAL_Driver\Src\stm32f3xx_hal_uart.o
                0x08002c9c                UART_AdvFeatureConfig
 .text.UART_WaitOnFlagUntilTimeout
                0x08002d44       0x62 Drivers\STM32F3xx_HAL_Driver\Src\stm32f3xx_hal_uart.o
                0x08002d44                UART_WaitOnFlagUntilTimeout
 .text.HAL_UART_Transmit
                0x08002da6       0xb2 Drivers\STM32F3xx_HAL_Driver\Src\stm32f3xx_hal_uart.o
                0x08002da6                HAL_UART_Transmit
 .text.HAL_UART_Receive
                0x08002e58       0xde Drivers\STM32F3xx_HAL_Driver\Src\stm32f3xx_hal_uart.o
                0x08002e58                HAL_UART_Receive
 .text.UART_CheckIdleState
                0x08002f36       0x64 Drivers\STM32F3xx_HAL_Driver\Src\stm32f3xx_hal_uart.o
                0x08002f36                UART_CheckIdleState
 .text.HAL_UART_Init
                0x08002f9a       0x64 Drivers\STM32F3xx_HAL_Driver\Src\stm32f3xx_hal_uart.o
                0x08002f9a                HAL_UART_Init
 .text.MPU9250_GetHandle
                0x08002ffe        0x4 MPU9250\MPU9250.o
                0x08002ffe                MPU9250_GetHandle
 .text.MPU9250_SetAddress
                0x08003002        0x4 MPU9250\MPU9250.o
                0x08003002                MPU9250_SetAddress
 .text.MPU9250_setLPF
                0x08003006        0x6 MPU9250\MPU9250.o
                0x08003006                MPU9250_setLPF
 .text.MPU9250_setSampleRate
                0x0800300c        0x6 MPU9250\MPU9250.o
                0x0800300c                MPU9250_setSampleRate
 .text.MPU9250_setCompassSampleRate
                0x08003012        0x6 MPU9250\MPU9250.o
                0x08003012                MPU9250_setCompassSampleRate
 .text.MPU9250_getGyroSens
                0x08003018       0x20 MPU9250\MPU9250.o
                0x08003018                MPU9250_getGyroSens
 .text.MPU9250_setGyroFSR
                0x08003038       0x1c MPU9250\MPU9250.o
                0x08003038                MPU9250_setGyroFSR
 .text.MPU9250_getAccelSens
                0x08003054       0x1a MPU9250\MPU9250.o
                0x08003054                MPU9250_getAccelSens
 .text.MPU9250_setAccelFSR
                0x0800306e       0x1c MPU9250\MPU9250.o
                0x0800306e                MPU9250_setAccelFSR
 *fill*         0x0800308a        0x2 
 .text.MPU9250_begin
                0x0800308c       0x40 MPU9250\MPU9250.o
                0x0800308c                MPU9250_begin
 .text.MPU9250_setSensors
                0x080030cc        0x6 MPU9250\MPU9250.o
                0x080030cc                MPU9250_setSensors
 .text.MPU9250_updateAccel
                0x080030d2       0x28 MPU9250\MPU9250.o
                0x080030d2                MPU9250_updateAccel
 .text.MPU9250_updateGyro
                0x080030fa       0x28 MPU9250\MPU9250.o
                0x080030fa                MPU9250_updateGyro
 .text.MPU9250_updateCompass
                0x08003122       0x28 MPU9250\MPU9250.o
                0x08003122                MPU9250_updateCompass
 .text.MPU9250_updateTemperature
                0x0800314a        0x8 MPU9250\MPU9250.o
                0x0800314a                MPU9250_updateTemperature
 .text.MPU9250_update
                0x08003152       0x46 MPU9250\MPU9250.o
                0x08003152                MPU9250_update
 .text.MPU9250_calcAccel
                0x08003198       0x1a MPU9250\MPU9250.o
                0x08003198                MPU9250_calcAccel
 .text.MPU9250_calcGyro
                0x080031b2       0x12 MPU9250\MPU9250.o
                0x080031b2                MPU9250_calcGyro
 .text.MPU9250_calcMag
                0x080031c4       0x12 MPU9250\MPU9250.o
                0x080031c4                MPU9250_calcMag
 *fill*         0x080031d6        0x2 
 .text.set_int_enable
                0x080031d8       0x54 MPU9250\util\inv_mpu.o
                0x080031d8                set_int_enable
 .text.mpu_get_gyro_reg
                0x0800322c       0x6c MPU9250\util\inv_mpu.o
                0x0800322c                mpu_get_gyro_reg
 .text.mpu_get_accel_reg
                0x08003298       0x68 MPU9250\util\inv_mpu.o
                0x08003298                mpu_get_accel_reg
 .text.mpu_get_temperature
                0x08003300       0x8c MPU9250\util\inv_mpu.o
                0x08003300                mpu_get_temperature
 .text.mpu_reset_fifo
                0x0800338c      0x158 MPU9250\util\inv_mpu.o
                0x0800338c                mpu_reset_fifo
 .text.mpu_set_gyro_fsr
                0x080034e4       0x70 MPU9250\util\inv_mpu.o
                0x080034e4                mpu_set_gyro_fsr
 .text.mpu_set_accel_fsr
                0x08003554       0x68 MPU9250\util\inv_mpu.o
                0x08003554                mpu_set_accel_fsr
 .text.mpu_set_lpf
                0x080035bc       0x6c MPU9250\util\inv_mpu.o
                0x080035bc                mpu_set_lpf
 .text.mpu_set_compass_sample_rate
                0x08003628       0x4c MPU9250\util\inv_mpu.o
                0x08003628                mpu_set_compass_sample_rate
 .text.mpu_get_gyro_sens
                0x08003674       0x40 MPU9250\util\inv_mpu.o
                0x08003674                mpu_get_gyro_sens
 .text.mpu_get_accel_sens
                0x080036b4       0x40 MPU9250\util\inv_mpu.o
                0x080036b4                mpu_get_accel_sens
 .text.mpu_configure_fifo
                0x080036f4       0x50 MPU9250\util\inv_mpu.o
                0x080036f4                mpu_configure_fifo
 .text.mpu_set_bypass
                0x08003744       0xe0 MPU9250\util\inv_mpu.o
                0x08003744                mpu_set_bypass
 .text.mpu_set_int_latched
                0x08003824       0x68 MPU9250\util\inv_mpu.o
                0x08003824                mpu_set_int_latched
 .text.mpu_lp_accel_mode
                0x0800388c       0xb4 MPU9250\util\inv_mpu.o
                0x0800388c                mpu_lp_accel_mode
 .text.mpu_set_sample_rate
                0x08003940       0x90 MPU9250\util\inv_mpu.o
                0x08003940                mpu_set_sample_rate
 .text.mpu_set_sensors
                0x080039d0      0x138 MPU9250\util\inv_mpu.o
                0x080039d0                mpu_set_sensors
 .text.mpu_init
                0x08003b08      0x2ac MPU9250\util\inv_mpu.o
                0x08003b08                mpu_init
 .text.mpu_get_compass_reg
                0x08003db4       0xb0 MPU9250\util\inv_mpu.o
                0x08003db4                mpu_get_compass_reg
 .text.HAL_SYSTICK_Callback
                0x08003e64       0x10 MPU9250\util\stm32_mpu9250_clk.o
                0x08003e64                HAL_SYSTICK_Callback
 .text.stm32_get_clock_ms
                0x08003e74       0x10 MPU9250\util\stm32_mpu9250_clk.o
                0x08003e74                stm32_get_clock_ms
 .text.stm32_i2c_init
                0x08003e84       0x14 MPU9250\util\stm32_mpu9250_i2c.o
                0x08003e84                stm32_i2c_init
 .text.stm32_i2c_write
                0x08003e98       0x24 MPU9250\util\stm32_mpu9250_i2c.o
                0x08003e98                stm32_i2c_write
 .text.stm32_i2c_read
                0x08003ebc       0x24 MPU9250\util\stm32_mpu9250_i2c.o
                0x08003ebc                stm32_i2c_read
 .text.disk_status
                0x08003ee0       0x14 Middlewares\Third_Party\FatFs\src\diskio.o
                0x08003ee0                disk_status
 .text.disk_initialize
                0x08003ef4       0x20 Middlewares\Third_Party\FatFs\src\diskio.o
                0x08003ef4                disk_initialize
 .text.disk_read
                0x08003f14       0x1c Middlewares\Third_Party\FatFs\src\diskio.o
                0x08003f14                disk_read
 .text.disk_write
                0x08003f30       0x1c Middlewares\Third_Party\FatFs\src\diskio.o
                0x08003f30                disk_write
 .text.disk_ioctl
                0x08003f4c       0x1c Middlewares\Third_Party\FatFs\src\diskio.o
                0x08003f4c                disk_ioctl
 .text.mem_cpy  0x08003f68       0x14 Middlewares\Third_Party\FatFs\src\ff.o
 .text.mem_set  0x08003f7c        0xe Middlewares\Third_Party\FatFs\src\ff.o
 *fill*         0x08003f8a        0x2 
 .text.chk_lock
                0x08003f8c       0x64 Middlewares\Third_Party\FatFs\src\ff.o
 .text.inc_lock
                0x08003ff0       0x88 Middlewares\Third_Party\FatFs\src\ff.o
 .text.dec_lock
                0x08004078       0x38 Middlewares\Third_Party\FatFs\src\ff.o
 .text.clmt_clust
                0x080040b0       0x28 Middlewares\Third_Party\FatFs\src\ff.o
 .text.get_ldnumber
                0x080040d8       0x30 Middlewares\Third_Party\FatFs\src\ff.o
 .text.validate
                0x08004108       0x2e Middlewares\Third_Party\FatFs\src\ff.o
 .text.ld_clust.isra.0
                0x08004136       0x1c Middlewares\Third_Party\FatFs\src\ff.o
 .text.sync_window.part.2
                0x08004152       0x52 Middlewares\Third_Party\FatFs\src\ff.o
 .text.sync_window
                0x080041a4        0xe Middlewares\Third_Party\FatFs\src\ff.o
 .text.sync_fs  0x080041b2       0xba Middlewares\Third_Party\FatFs\src\ff.o
 .text.move_window
                0x0800426c       0x3a Middlewares\Third_Party\FatFs\src\ff.o
 *fill*         0x080042a6        0x2 
 .text.check_fs
                0x080042a8       0x58 Middlewares\Third_Party\FatFs\src\ff.o
 .text.find_volume
                0x08004300      0x280 Middlewares\Third_Party\FatFs\src\ff.o
 .text.clust2sect
                0x08004580       0x1c Middlewares\Third_Party\FatFs\src\ff.o
                0x08004580                clust2sect
 .text.get_fat  0x0800459c       0xc2 Middlewares\Third_Party\FatFs\src\ff.o
                0x0800459c                get_fat
 .text.dir_sdi  0x0800465e       0x9e Middlewares\Third_Party\FatFs\src\ff.o
 .text.put_fat  0x080046fc       0xf4 Middlewares\Third_Party\FatFs\src\ff.o
                0x080046fc                put_fat
 .text.create_chain
                0x080047f0       0xb2 Middlewares\Third_Party\FatFs\src\ff.o
 .text.dir_next
                0x080048a2      0x11e Middlewares\Third_Party\FatFs\src\ff.o
 .text.follow_path
                0x080049c0      0x1a8 Middlewares\Third_Party\FatFs\src\ff.o
 .text.dir_register
                0x08004b68       0x76 Middlewares\Third_Party\FatFs\src\ff.o
 .text.remove_chain
                0x08004bde       0x64 Middlewares\Third_Party\FatFs\src\ff.o
 *fill*         0x08004c42        0x2 
 .text.f_mount  0x08004c44       0x6c Middlewares\Third_Party\FatFs\src\ff.o
                0x08004c44                f_mount
 .text.f_open   0x08004cb0      0x1b0 Middlewares\Third_Party\FatFs\src\ff.o
                0x08004cb0                f_open
 .text.f_read   0x08004e60      0x188 Middlewares\Third_Party\FatFs\src\ff.o
                0x08004e60                f_read
 .text.f_write  0x08004fe8      0x1de Middlewares\Third_Party\FatFs\src\ff.o
                0x08004fe8                f_write
 .text.putc_bfd
                0x080051c6       0x44 Middlewares\Third_Party\FatFs\src\ff.o
 .text.f_sync   0x0800520a       0xc0 Middlewares\Third_Party\FatFs\src\ff.o
                0x0800520a                f_sync
 .text.f_close  0x080052ca       0x22 Middlewares\Third_Party\FatFs\src\ff.o
                0x080052ca                f_close
 .text.f_lseek  0x080052ec      0x29e Middlewares\Third_Party\FatFs\src\ff.o
                0x080052ec                f_lseek
 .text.f_mkdir  0x0800558a      0x1d4 Middlewares\Third_Party\FatFs\src\ff.o
                0x0800558a                f_mkdir
 .text.f_gets   0x0800575e       0x4a Middlewares\Third_Party\FatFs\src\ff.o
                0x0800575e                f_gets
 .text.f_puts   0x080057a8       0x44 Middlewares\Third_Party\FatFs\src\ff.o
                0x080057a8                f_puts
 .text.f_printf
                0x080057ec      0x210 Middlewares\Third_Party\FatFs\src\ff.o
                0x080057ec                f_printf
 .text.FATFS_LinkDriverEx
                0x080059fc       0x44 Middlewares\Third_Party\FatFs\src\ff_gen_drv.o
                0x080059fc                FATFS_LinkDriverEx
 .text.FATFS_LinkDriver
                0x08005a40        0x6 Middlewares\Third_Party\FatFs\src\ff_gen_drv.o
                0x08005a40                FATFS_LinkDriver
 .text.LPS22HB_GetHandle
                0x08005a46        0x4 Src\LPS22HB.o
                0x08005a46                LPS22HB_GetHandle
 .text.LPS22HB_SetAddress
                0x08005a4a        0x4 Src\LPS22HB.o
                0x08005a4a                LPS22HB_SetAddress
 *fill*         0x08005a4e        0x2 
 .text.LPS22HB_GetData
                0x08005a50       0x94 Src\LPS22HB.o
                0x08005a50                LPS22HB_GetData
 .text.LPS22HB_Pressure
                0x08005ae4        0x6 Src\LPS22HB.o
                0x08005ae4                LPS22HB_Pressure
 .text.LPS22HB_PressureRaw
                0x08005aea        0x4 Src\LPS22HB.o
                0x08005aea                LPS22HB_PressureRaw
 .text.LPS22HB_Temperature
                0x08005aee        0x6 Src\LPS22HB.o
                0x08005aee                LPS22HB_Temperature
 .text.LPS22HB_SetODR
                0x08005af4       0x76 Src\LPS22HB.o
                0x08005af4                LPS22HB_SetODR
 .text.LPS22HB_Init
                0x08005b6a       0x52 Src\LPS22HB.o
                0x08005b6a                LPS22HB_Init
 .text.LPS22HB_SetLPF
                0x08005bbc       0x76 Src\LPS22HB.o
                0x08005bbc                LPS22HB_SetLPF
 *fill*         0x08005c32        0x2 
 .text.MX_FATFS_Init
                0x08005c34       0x30 Src\fatfs.o
                0x08005c34                MX_FATFS_Init
 .text.get_fattime
                0x08005c64        0x4 Src\fatfs.o
                0x08005c64                get_fattime
 .text.uart_getc
                0x08005c68       0x20 Src\main.o
                0x08005c68                uart_getc
 .text.uart_putc
                0x08005c88       0x20 Src\main.o
                0x08005c88                uart_putc
 .text.SystemClock_Config
                0x08005ca8       0x98 Src\main.o
                0x08005ca8                SystemClock_Config
 .text.Config_OnePulseDelayTime
                0x08005d40       0x68 Src\main.o
                0x08005d40                Config_OnePulseDelayTime
 .text.Check_Bootcount
                0x08005da8       0x98 Src\main.o
                0x08005da8                Check_Bootcount
 .text.Config_Logdir
                0x08005e40       0x80 Src\main.o
                0x08005e40                Config_Logdir
 .text.Init_LoggerSystem
                0x08005ec0       0xc8 Src\main.o
                0x08005ec0                Init_LoggerSystem
 .text.HAL_GPIO_EXTI_Callback
                0x08005f88       0x54 Src\main.o
                0x08005f88                HAL_GPIO_EXTI_Callback
 .text.Trigger_ReleaseSystem
                0x08005fdc       0x30 Src\main.o
                0x08005fdc                Trigger_ReleaseSystem
 .text.HAL_TIM_OC_DelayElapsedCallback
                0x0800600c       0x28 Src\main.o
                0x0800600c                HAL_TIM_OC_DelayElapsedCallback
 .text.open_append
                0x08006034       0x26 Src\main.o
                0x08006034                open_append
 *fill*         0x0800605a        0x2 
 .text.startup.main
                0x0800605c      0x604 Src\main.o
                0x0800605c                main
 .text.HAL_MspInit
                0x08006660       0x7c Src\stm32f3xx_hal_msp.o
                0x08006660                HAL_MspInit
 .text.HAL_I2C_MspInit
                0x080066dc       0x50 Src\stm32f3xx_hal_msp.o
                0x080066dc                HAL_I2C_MspInit
 .text.HAL_RTC_MspInit
                0x0800672c       0x28 Src\stm32f3xx_hal_msp.o
                0x0800672c                HAL_RTC_MspInit
 .text.HAL_SPI_MspInit
                0x08006754       0x48 Src\stm32f3xx_hal_msp.o
                0x08006754                HAL_SPI_MspInit
 .text.HAL_TIM_Base_MspInit
                0x0800679c       0x68 Src\stm32f3xx_hal_msp.o
                0x0800679c                HAL_TIM_Base_MspInit
 .text.HAL_UART_MspInit
                0x08006804       0x8c Src\stm32f3xx_hal_msp.o
                0x08006804                HAL_UART_MspInit
 .text.NMI_Handler
                0x08006890        0x2 Src\stm32f3xx_it.o
                0x08006890                NMI_Handler
 .text.HardFault_Handler
                0x08006892        0x2 Src\stm32f3xx_it.o
                0x08006892                HardFault_Handler
 .text.MemManage_Handler
                0x08006894        0x2 Src\stm32f3xx_it.o
                0x08006894                MemManage_Handler
 .text.BusFault_Handler
                0x08006896        0x2 Src\stm32f3xx_it.o
                0x08006896                BusFault_Handler
 .text.UsageFault_Handler
                0x08006898        0x2 Src\stm32f3xx_it.o
                0x08006898                UsageFault_Handler
 .text.SVC_Handler
                0x0800689a        0x2 Src\stm32f3xx_it.o
                0x0800689a                SVC_Handler
 .text.DebugMon_Handler
                0x0800689c        0x2 Src\stm32f3xx_it.o
                0x0800689c                DebugMon_Handler
 .text.PendSV_Handler
                0x0800689e        0x2 Src\stm32f3xx_it.o
                0x0800689e                PendSV_Handler
 .text.SysTick_Handler
                0x080068a0        0xe Src\stm32f3xx_it.o
                0x080068a0                SysTick_Handler
 .text.EXTI9_5_IRQHandler
                0x080068ae        0x6 Src\stm32f3xx_it.o
                0x080068ae                EXTI9_5_IRQHandler
 .text.TIM1_UP_TIM16_IRQHandler
                0x080068b4        0xc Src\stm32f3xx_it.o
                0x080068b4                TIM1_UP_TIM16_IRQHandler
 .text.SystemInit
                0x080068c0       0x68 Src\system_stm32f3xx.o
                0x080068c0                SystemInit
 .text.USER_status
                0x08006928       0x10 Src\user_diskio.o
                0x08006928                USER_status
 .text.USER_write
                0x08006938        0x4 Src\user_diskio.o
                0x08006938                USER_write
 .text.USER_ioctl
                0x0800693c        0x4 Src\user_diskio.o
                0x0800693c                USER_ioctl
 .text.USER_read
                0x08006940        0x4 Src\user_diskio.o
                0x08006940                USER_read
 .text.USER_initialize
                0x08006944       0x10 Src\user_diskio.o
                0x08006944                USER_initialize
 .text.xputc    0x08006954       0x34 Src\xprintf.o
                0x08006954                xputc
 .text.xputs    0x08006988       0x12 Src\xprintf.o
                0x08006988                xputs
 .text.xvprintf
                0x0800699a      0x1aa Src\xprintf.o
 .text.xprintf  0x08006b44       0x1a Src\xprintf.o
                0x08006b44                xprintf
 *fill*         0x08006b5e        0x2 
 .text.Reset_Handler
                0x08006b60       0x50 startup\startup_stm32f303xe.o
                0x08006b60                Reset_Handler
 .text.Default_Handler
                0x08006bb0        0x2 startup\startup_stm32f303xe.o
                0x08006bb0                RTC_Alarm_IRQHandler
                0x08006bb0                TIM8_TRG_COM_IRQHandler
                0x08006bb0                TIM8_CC_IRQHandler
                0x08006bb0                SPI4_IRQHandler
                0x08006bb0                TIM1_CC_IRQHandler
                0x08006bb0                USB_HP_IRQHandler
                0x08006bb0                PVD_IRQHandler
                0x08006bb0                TAMP_STAMP_IRQHandler
                0x08006bb0                EXTI3_IRQHandler
                0x08006bb0                I2C3_ER_IRQHandler
                0x08006bb0                USB_HP_CAN_TX_IRQHandler
                0x08006bb0                EXTI0_IRQHandler
                0x08006bb0                I2C2_EV_IRQHandler
                0x08006bb0                FPU_IRQHandler
                0x08006bb0                ADC1_2_IRQHandler
                0x08006bb0                SPI1_IRQHandler
                0x08006bb0                CAN_SCE_IRQHandler
                0x08006bb0                TIM6_DAC_IRQHandler
                0x08006bb0                TIM8_UP_IRQHandler
                0x08006bb0                DMA2_Channel2_IRQHandler
                0x08006bb0                DMA1_Channel4_IRQHandler
                0x08006bb0                TIM20_TRG_COM_IRQHandler
                0x08006bb0                USART3_IRQHandler
                0x08006bb0                DMA1_Channel7_IRQHandler
                0x08006bb0                UART5_IRQHandler
                0x08006bb0                ADC3_IRQHandler
                0x08006bb0                TIM4_IRQHandler
                0x08006bb0                CAN_RX1_IRQHandler
                0x08006bb0                DMA2_Channel1_IRQHandler
                0x08006bb0                I2C1_EV_IRQHandler
                0x08006bb0                DMA1_Channel6_IRQHandler
                0x08006bb0                UART4_IRQHandler
                0x08006bb0                DMA2_Channel4_IRQHandler
                0x08006bb0                TIM3_IRQHandler
                0x08006bb0                RCC_IRQHandler
                0x08006bb0                TIM20_UP_IRQHandler
                0x08006bb0                DMA1_Channel1_IRQHandler
                0x08006bb0                Default_Handler
                0x08006bb0                USBWakeUp_RMP_IRQHandler
                0x08006bb0                EXTI15_10_IRQHandler
                0x08006bb0                TIM7_IRQHandler
                0x08006bb0                I2C3_EV_IRQHandler
                0x08006bb0                RTC_WKUP_IRQHandler
                0x08006bb0                SPI2_IRQHandler
                0x08006bb0                USB_LP_CAN_RX0_IRQHandler
                0x08006bb0                DMA2_Channel5_IRQHandler
                0x08006bb0                DMA1_Channel5_IRQHandler
                0x08006bb0                USB_LP_IRQHandler
                0x08006bb0                EXTI4_IRQHandler
                0x08006bb0                TIM1_TRG_COM_TIM17_IRQHandler
                0x08006bb0                DMA1_Channel3_IRQHandler
                0x08006bb0                ADC4_IRQHandler
                0x08006bb0                WWDG_IRQHandler
                0x08006bb0                TIM2_IRQHandler
                0x08006bb0                COMP7_IRQHandler
                0x08006bb0                COMP1_2_3_IRQHandler
                0x08006bb0                EXTI1_IRQHandler
                0x08006bb0                USART2_IRQHandler
                0x08006bb0                COMP4_5_6_IRQHandler
                0x08006bb0                TIM20_BRK_IRQHandler
                0x08006bb0                I2C2_ER_IRQHandler
                0x08006bb0                DMA1_Channel2_IRQHandler
                0x08006bb0                TIM8_BRK_IRQHandler
                0x08006bb0                FLASH_IRQHandler
                0x08006bb0                TIM20_CC_IRQHandler
                0x08006bb0                USART1_IRQHandler
                0x08006bb0                SPI3_IRQHandler
                0x08006bb0                I2C1_ER_IRQHandler
                0x08006bb0                FMC_IRQHandler
                0x08006bb0                USBWakeUp_IRQHandler
                0x08006bb0                DMA2_Channel3_IRQHandler
                0x08006bb0                EXTI2_TSC_IRQHandler
                0x08006bb0                TIM1_BRK_TIM15_IRQHandler
 .text.atoi     0x08006bb2        0x8 c:/program files (x86)/atollic/truestudio for stm32 9.0.0/armtools/bin/../lib/gcc/arm-atollic-eabi/6.3.1/../../../../arm-atollic-eabi/lib/armv7e-m/fpu\libc_nano.a(lib_a-atoi.o)
                0x08006bb2                atoi
 *fill*         0x08006bba        0x2 
 .text.__libc_init_array
                0x08006bbc       0x48 c:/program files (x86)/atollic/truestudio for stm32 9.0.0/armtools/bin/../lib/gcc/arm-atollic-eabi/6.3.1/../../../../arm-atollic-eabi/lib/armv7e-m/fpu\libc_nano.a(lib_a-init.o)
                0x08006bbc                __libc_init_array
 .text.memcpy   0x08006c04       0x16 c:/program files (x86)/atollic/truestudio for stm32 9.0.0/armtools/bin/../lib/gcc/arm-atollic-eabi/6.3.1/../../../../arm-atollic-eabi/lib/armv7e-m/fpu\libc_nano.a(lib_a-memcpy-stub.o)
                0x08006c04                memcpy
 .text.memset   0x08006c1a       0x10 c:/program files (x86)/atollic/truestudio for stm32 9.0.0/armtools/bin/../lib/gcc/arm-atollic-eabi/6.3.1/../../../../arm-atollic-eabi/lib/armv7e-m/fpu\libc_nano.a(lib_a-memset.o)
                0x08006c1a                memset
 *fill*         0x08006c2a        0x2 
 .text._free_r  0x08006c2c       0x9c c:/program files (x86)/atollic/truestudio for stm32 9.0.0/armtools/bin/../lib/gcc/arm-atollic-eabi/6.3.1/../../../../arm-atollic-eabi/lib/armv7e-m/fpu\libc_nano.a(lib_a-nano-freer.o)
                0x08006c2c                _free_r
 .text._malloc_r
                0x08006cc8       0xbc c:/program files (x86)/atollic/truestudio for stm32 9.0.0/armtools/bin/../lib/gcc/arm-atollic-eabi/6.3.1/../../../../arm-atollic-eabi/lib/armv7e-m/fpu\libc_nano.a(lib_a-nano-mallocr.o)
                0x08006cc8                _malloc_r
 .text._puts_r  0x08006d84       0xb8 c:/program files (x86)/atollic/truestudio for stm32 9.0.0/armtools/bin/../lib/gcc/arm-atollic-eabi/6.3.1/../../../../arm-atollic-eabi/lib/armv7e-m/fpu\libc_nano.a(lib_a-puts.o)
                0x08006d84                _puts_r
 .text.puts     0x08006e3c       0x10 c:/program files (x86)/atollic/truestudio for stm32 9.0.0/armtools/bin/../lib/gcc/arm-atollic-eabi/6.3.1/../../../../arm-atollic-eabi/lib/armv7e-m/fpu\libc_nano.a(lib_a-puts.o)
                0x08006e3c                puts
 .text._sbrk_r  0x08006e4c       0x20 c:/program files (x86)/atollic/truestudio for stm32 9.0.0/armtools/bin/../lib/gcc/arm-atollic-eabi/6.3.1/../../../../arm-atollic-eabi/lib/armv7e-m/fpu\libc_nano.a(lib_a-sbrkr.o)
                0x08006e4c                _sbrk_r
 .text.sprintf  0x08006e6c       0x48 c:/program files (x86)/atollic/truestudio for stm32 9.0.0/armtools/bin/../lib/gcc/arm-atollic-eabi/6.3.1/../../../../arm-atollic-eabi/lib/armv7e-m/fpu\libc_nano.a(lib_a-sprintf.o)
                0x08006e6c                siprintf
                0x08006e6c                sprintf
 .text.strcpy   0x08006eb4       0x10 c:/program files (x86)/atollic/truestudio for stm32 9.0.0/armtools/bin/../lib/gcc/arm-atollic-eabi/6.3.1/../../../../arm-atollic-eabi/lib/armv7e-m/fpu\libc_nano.a(lib_a-strcpy.o)
                0x08006eb4                strcpy
 .text._strtol_l.isra.0
                0x08006ec4      0x100 c:/program files (x86)/atollic/truestudio for stm32 9.0.0/armtools/bin/../lib/gcc/arm-atollic-eabi/6.3.1/../../../../arm-atollic-eabi/lib/armv7e-m/fpu\libc_nano.a(lib_a-strtol.o)
 .text.strtol   0x08006fc4       0x2c c:/program files (x86)/atollic/truestudio for stm32 9.0.0/armtools/bin/../lib/gcc/arm-atollic-eabi/6.3.1/../../../../arm-atollic-eabi/lib/armv7e-m/fpu\libc_nano.a(lib_a-strtol.o)
                0x08006fc4                strtol
 .text.__swbuf_r
                0x08006ff0       0xa4 c:/program files (x86)/atollic/truestudio for stm32 9.0.0/armtools/bin/../lib/gcc/arm-atollic-eabi/6.3.1/../../../../arm-atollic-eabi/lib/armv7e-m/fpu\libc_nano.a(lib_a-wbuf.o)
                0x08006ff0                __swbuf_r
 .text.__swsetup_r
                0x08007094       0xdc c:/program files (x86)/atollic/truestudio for stm32 9.0.0/armtools/bin/../lib/gcc/arm-atollic-eabi/6.3.1/../../../../arm-atollic-eabi/lib/armv7e-m/fpu\libc_nano.a(lib_a-wsetup.o)
                0x08007094                __swsetup_r
 .text.__sflush_r
                0x08007170      0x110 c:/program files (x86)/atollic/truestudio for stm32 9.0.0/armtools/bin/../lib/gcc/arm-atollic-eabi/6.3.1/../../../../arm-atollic-eabi/lib/armv7e-m/fpu\libc_nano.a(lib_a-fflush.o)
                0x08007170                __sflush_r
 .text._fflush_r
                0x08007280       0x54 c:/program files (x86)/atollic/truestudio for stm32 9.0.0/armtools/bin/../lib/gcc/arm-atollic-eabi/6.3.1/../../../../arm-atollic-eabi/lib/armv7e-m/fpu\libc_nano.a(lib_a-fflush.o)
                0x08007280                _fflush_r
 .text._cleanup_r
                0x080072d4        0xc c:/program files (x86)/atollic/truestudio for stm32 9.0.0/armtools/bin/../lib/gcc/arm-atollic-eabi/6.3.1/../../../../arm-atollic-eabi/lib/armv7e-m/fpu\libc_nano.a(lib_a-findfp.o)
                0x080072d4                _cleanup_r
 .text.std.isra.0
                0x080072e0       0x48 c:/program files (x86)/atollic/truestudio for stm32 9.0.0/armtools/bin/../lib/gcc/arm-atollic-eabi/6.3.1/../../../../arm-atollic-eabi/lib/armv7e-m/fpu\libc_nano.a(lib_a-findfp.o)
 .text.__sfmoreglue
                0x08007328       0x2c c:/program files (x86)/atollic/truestudio for stm32 9.0.0/armtools/bin/../lib/gcc/arm-atollic-eabi/6.3.1/../../../../arm-atollic-eabi/lib/armv7e-m/fpu\libc_nano.a(lib_a-findfp.o)
                0x08007328                __sfmoreglue
 .text.__sinit  0x08007354       0x60 c:/program files (x86)/atollic/truestudio for stm32 9.0.0/armtools/bin/../lib/gcc/arm-atollic-eabi/6.3.1/../../../../arm-atollic-eabi/lib/armv7e-m/fpu\libc_nano.a(lib_a-findfp.o)
                0x08007354                __sinit
 .text.__sfp    0x080073b4       0x78 c:/program files (x86)/atollic/truestudio for stm32 9.0.0/armtools/bin/../lib/gcc/arm-atollic-eabi/6.3.1/../../../../arm-atollic-eabi/lib/armv7e-m/fpu\libc_nano.a(lib_a-findfp.o)
                0x080073b4                __sfp
 .text._fwalk_reent
                0x0800742c       0x3c c:/program files (x86)/atollic/truestudio for stm32 9.0.0/armtools/bin/../lib/gcc/arm-atollic-eabi/6.3.1/../../../../arm-atollic-eabi/lib/armv7e-m/fpu\libc_nano.a(lib_a-fwalk.o)
                0x0800742c                _fwalk_reent
 .text.__locale_ctype_ptr_l
                0x08007468        0x6 c:/program files (x86)/atollic/truestudio for stm32 9.0.0/armtools/bin/../lib/gcc/arm-atollic-eabi/6.3.1/../../../../arm-atollic-eabi/lib/armv7e-m/fpu\libc_nano.a(lib_a-locale.o)
                0x08007468                __locale_ctype_ptr_l
 .text.__swhatbuf_r
                0x0800746e       0x48 c:/program files (x86)/atollic/truestudio for stm32 9.0.0/armtools/bin/../lib/gcc/arm-atollic-eabi/6.3.1/../../../../arm-atollic-eabi/lib/armv7e-m/fpu\libc_nano.a(lib_a-makebuf.o)
                0x0800746e                __swhatbuf_r
 *fill*         0x080074b6        0x2 
 .text.__smakebuf_r
                0x080074b8       0x80 c:/program files (x86)/atollic/truestudio for stm32 9.0.0/armtools/bin/../lib/gcc/arm-atollic-eabi/6.3.1/../../../../arm-atollic-eabi/lib/armv7e-m/fpu\libc_nano.a(lib_a-makebuf.o)
                0x080074b8                __smakebuf_r
 .text.__ascii_mbtowc
                0x08007538       0x24 c:/program files (x86)/atollic/truestudio for stm32 9.0.0/armtools/bin/../lib/gcc/arm-atollic-eabi/6.3.1/../../../../arm-atollic-eabi/lib/armv7e-m/fpu\libc_nano.a(lib_a-mbtowc_r.o)
                0x08007538                __ascii_mbtowc
 .text.__malloc_lock
                0x0800755c        0x2 c:/program files (x86)/atollic/truestudio for stm32 9.0.0/armtools/bin/../lib/gcc/arm-atollic-eabi/6.3.1/../../../../arm-atollic-eabi/lib/armv7e-m/fpu\libc_nano.a(lib_a-mlock.o)
                0x0800755c                __malloc_lock
 .text.__malloc_unlock
                0x0800755e        0x2 c:/program files (x86)/atollic/truestudio for stm32 9.0.0/armtools/bin/../lib/gcc/arm-atollic-eabi/6.3.1/../../../../arm-atollic-eabi/lib/armv7e-m/fpu\libc_nano.a(lib_a-mlock.o)
                0x0800755e                __malloc_unlock
 .text.__ssputs_r
                0x08007560       0xb6 c:/program files (x86)/atollic/truestudio for stm32 9.0.0/armtools/bin/../lib/gcc/arm-atollic-eabi/6.3.1/../../../../arm-atollic-eabi/lib/armv7e-m/fpu\libc_nano.a(lib_a-nano-svfprintf.o)
                0x08007560                __ssputs_r
 *fill*         0x08007616        0x2 
 .text._svfprintf_r
                0x08007618      0x1e8 c:/program files (x86)/atollic/truestudio for stm32 9.0.0/armtools/bin/../lib/gcc/arm-atollic-eabi/6.3.1/../../../../arm-atollic-eabi/lib/armv7e-m/fpu\libc_nano.a(lib_a-nano-svfprintf.o)
                0x08007618                _svfiprintf_r
                0x08007618                _svfprintf_r
 .text._printf_common
                0x08007800       0xec c:/program files (x86)/atollic/truestudio for stm32 9.0.0/armtools/bin/../lib/gcc/arm-atollic-eabi/6.3.1/../../../../arm-atollic-eabi/lib/armv7e-m/fpu\libc_nano.a(lib_a-nano-vfprintf_i.o)
                0x08007800                _printf_common
 .text._printf_i
                0x080078ec      0x240 c:/program files (x86)/atollic/truestudio for stm32 9.0.0/armtools/bin/../lib/gcc/arm-atollic-eabi/6.3.1/../../../../arm-atollic-eabi/lib/armv7e-m/fpu\libc_nano.a(lib_a-nano-vfprintf_i.o)
                0x080078ec                _printf_i
 .text.__sread  0x08007b2c       0x22 c:/program files (x86)/atollic/truestudio for stm32 9.0.0/armtools/bin/../lib/gcc/arm-atollic-eabi/6.3.1/../../../../arm-atollic-eabi/lib/armv7e-m/fpu\libc_nano.a(lib_a-stdio.o)
                0x08007b2c                __sread
 .text.__swrite
                0x08007b4e       0x38 c:/program files (x86)/atollic/truestudio for stm32 9.0.0/armtools/bin/../lib/gcc/arm-atollic-eabi/6.3.1/../../../../arm-atollic-eabi/lib/armv7e-m/fpu\libc_nano.a(lib_a-stdio.o)
                0x08007b4e                __swrite
 .text.__sseek  0x08007b86       0x24 c:/program files (x86)/atollic/truestudio for stm32 9.0.0/armtools/bin/../lib/gcc/arm-atollic-eabi/6.3.1/../../../../arm-atollic-eabi/lib/armv7e-m/fpu\libc_nano.a(lib_a-stdio.o)
                0x08007b86                __sseek
 .text.__sclose
                0x08007baa        0x8 c:/program files (x86)/atollic/truestudio for stm32 9.0.0/armtools/bin/../lib/gcc/arm-atollic-eabi/6.3.1/../../../../arm-atollic-eabi/lib/armv7e-m/fpu\libc_nano.a(lib_a-stdio.o)
                0x08007baa                __sclose
 .text.__ascii_wctomb
                0x08007bb2       0x1a c:/program files (x86)/atollic/truestudio for stm32 9.0.0/armtools/bin/../lib/gcc/arm-atollic-eabi/6.3.1/../../../../arm-atollic-eabi/lib/armv7e-m/fpu\libc_nano.a(lib_a-wctomb_r.o)
                0x08007bb2                __ascii_wctomb
 .text._write_r
                0x08007bcc       0x24 c:/program files (x86)/atollic/truestudio for stm32 9.0.0/armtools/bin/../lib/gcc/arm-atollic-eabi/6.3.1/../../../../arm-atollic-eabi/lib/armv7e-m/fpu\libc_nano.a(lib_a-writer.o)
                0x08007bcc                _write_r
 .text._close_r
                0x08007bf0       0x20 c:/program files (x86)/atollic/truestudio for stm32 9.0.0/armtools/bin/../lib/gcc/arm-atollic-eabi/6.3.1/../../../../arm-atollic-eabi/lib/armv7e-m/fpu\libc_nano.a(lib_a-closer.o)
                0x08007bf0                _close_r
 .text._fstat_r
                0x08007c10       0x24 c:/program files (x86)/atollic/truestudio for stm32 9.0.0/armtools/bin/../lib/gcc/arm-atollic-eabi/6.3.1/../../../../arm-atollic-eabi/lib/armv7e-m/fpu\libc_nano.a(lib_a-fstatr.o)
                0x08007c10                _fstat_r
 .text._isatty_r
                0x08007c34       0x20 c:/program files (x86)/atollic/truestudio for stm32 9.0.0/armtools/bin/../lib/gcc/arm-atollic-eabi/6.3.1/../../../../arm-atollic-eabi/lib/armv7e-m/fpu\libc_nano.a(lib_a-isattyr.o)
                0x08007c34                _isatty_r
 .text._lseek_r
                0x08007c54       0x24 c:/program files (x86)/atollic/truestudio for stm32 9.0.0/armtools/bin/../lib/gcc/arm-atollic-eabi/6.3.1/../../../../arm-atollic-eabi/lib/armv7e-m/fpu\libc_nano.a(lib_a-lseekr.o)
                0x08007c54                _lseek_r
 .text.memmove  0x08007c78       0x34 c:/program files (x86)/atollic/truestudio for stm32 9.0.0/armtools/bin/../lib/gcc/arm-atollic-eabi/6.3.1/../../../../arm-atollic-eabi/lib/armv7e-m/fpu\libc_nano.a(lib_a-memmove.o)
                0x08007c78                memmove
 .text._realloc_r
                0x08007cac       0x4c c:/program files (x86)/atollic/truestudio for stm32 9.0.0/armtools/bin/../lib/gcc/arm-atollic-eabi/6.3.1/../../../../arm-atollic-eabi/lib/armv7e-m/fpu\libc_nano.a(lib_a-nano-reallocr.o)
                0x08007cac                _realloc_r
 .text._read_r  0x08007cf8       0x24 c:/program files (x86)/atollic/truestudio for stm32 9.0.0/armtools/bin/../lib/gcc/arm-atollic-eabi/6.3.1/../../../../arm-atollic-eabi/lib/armv7e-m/fpu\libc_nano.a(lib_a-readr.o)
                0x08007cf8                _read_r
 .text._malloc_usable_size_r
                0x08007d1c       0x12 c:/program files (x86)/atollic/truestudio for stm32 9.0.0/armtools/bin/../lib/gcc/arm-atollic-eabi/6.3.1/../../../../arm-atollic-eabi/lib/armv7e-m/fpu\libc_nano.a(lib_a-nano-msizer.o)
                0x08007d1c                _malloc_usable_size_r
 *fill*         0x08007d2e        0x2 
 .text._close   0x08007d30       0x10 c:/program files (x86)/atollic/truestudio for stm32 9.0.0/armtools/bin/../lib/gcc/arm-atollic-eabi/6.3.1/../../../../arm-atollic-eabi/lib/armv7e-m/fpu\libnosys.a(close.o)
                0x08007d30                _close
 .text._fstat   0x08007d40       0x10 c:/program files (x86)/atollic/truestudio for stm32 9.0.0/armtools/bin/../lib/gcc/arm-atollic-eabi/6.3.1/../../../../arm-atollic-eabi/lib/armv7e-m/fpu\libnosys.a(fstat.o)
                0x08007d40                _fstat
 .text._isatty  0x08007d50       0x10 c:/program files (x86)/atollic/truestudio for stm32 9.0.0/armtools/bin/../lib/gcc/arm-atollic-eabi/6.3.1/../../../../arm-atollic-eabi/lib/armv7e-m/fpu\libnosys.a(isatty.o)
                0x08007d50                _isatty
 .text._lseek   0x08007d60       0x10 c:/program files (x86)/atollic/truestudio for stm32 9.0.0/armtools/bin/../lib/gcc/arm-atollic-eabi/6.3.1/../../../../arm-atollic-eabi/lib/armv7e-m/fpu\libnosys.a(lseek.o)
                0x08007d60                _lseek
 .text._read    0x08007d70       0x10 c:/program files (x86)/atollic/truestudio for stm32 9.0.0/armtools/bin/../lib/gcc/arm-atollic-eabi/6.3.1/../../../../arm-atollic-eabi/lib/armv7e-m/fpu\libnosys.a(read.o)
                0x08007d70                _read
 .text._sbrk    0x08007d80       0x1c c:/program files (x86)/atollic/truestudio for stm32 9.0.0/armtools/bin/../lib/gcc/arm-atollic-eabi/6.3.1/../../../../arm-atollic-eabi/lib/armv7e-m/fpu\libnosys.a(sbrk.o)
                0x08007d80                _sbrk
 .text._write   0x08007d9c       0x10 c:/program files (x86)/atollic/truestudio for stm32 9.0.0/armtools/bin/../lib/gcc/arm-atollic-eabi/6.3.1/../../../../arm-atollic-eabi/lib/armv7e-m/fpu\libnosys.a(write.o)
                0x08007d9c                _write
 *(.glue_7)
 .glue_7        0x08007dac        0x0 linker stubs
 *(.glue_7t)
 .glue_7t       0x08007dac        0x0 linker stubs
 *(.eh_frame)
 .eh_frame      0x08007dac        0x0 c:/program files (x86)/atollic/truestudio for stm32 9.0.0/armtools/bin/../lib/gcc/arm-atollic-eabi/6.3.1/armv7e-m/fpu/crtbegin.o
 *(.init)
 .init          0x08007dac        0x4 c:/program files (x86)/atollic/truestudio for stm32 9.0.0/armtools/bin/../lib/gcc/arm-atollic-eabi/6.3.1/armv7e-m/fpu/crti.o
                0x08007dac                _init
 .init          0x08007db0        0x8 c:/program files (x86)/atollic/truestudio for stm32 9.0.0/armtools/bin/../lib/gcc/arm-atollic-eabi/6.3.1/armv7e-m/fpu/crtn.o
 *(.fini)
 .fini          0x08007db8        0x4 c:/program files (x86)/atollic/truestudio for stm32 9.0.0/armtools/bin/../lib/gcc/arm-atollic-eabi/6.3.1/armv7e-m/fpu/crti.o
                0x08007db8                _fini
 .fini          0x08007dbc        0x8 c:/program files (x86)/atollic/truestudio for stm32 9.0.0/armtools/bin/../lib/gcc/arm-atollic-eabi/6.3.1/armv7e-m/fpu/crtn.o
                0x08007dc4                . = ALIGN (0x4)
                0x08007dc4                _etext = .

.vfp11_veneer   0x08007dc4        0x0
 .vfp11_veneer  0x08007dc4        0x0 linker stubs

.v4_bx          0x08007dc4        0x0
 .v4_bx         0x08007dc4        0x0 linker stubs

.iplt           0x08007dc4        0x0
 .iplt          0x08007dc4        0x0 c:/program files (x86)/atollic/truestudio for stm32 9.0.0/armtools/bin/../lib/gcc/arm-atollic-eabi/6.3.1/armv7e-m/fpu/crtbegin.o

.rodata         0x08007dc4      0x4c0
                0x08007dc4                . = ALIGN (0x4)
 *(.rodata)
 *(.rodata*)
 .rodata.aPLLMULFactorTable
                0x08007dc4       0x10 Drivers\STM32F3xx_HAL_Driver\Src\stm32f3xx_hal_rcc.o
                0x08007dc4                aPLLMULFactorTable
 .rodata.aPredivFactorTable
                0x08007dd4       0x10 Drivers\STM32F3xx_HAL_Driver\Src\stm32f3xx_hal_rcc.o
                0x08007dd4                aPredivFactorTable
 .rodata.CSWTCH.45
                0x08007de4        0x4 Drivers\STM32F3xx_HAL_Driver\Src\stm32f3xx_hal_uart.o
 .rodata.reg    0x08007de8       0x2a MPU9250\util\inv_mpu.o
                0x08007de8                reg
 *fill*         0x08007e12        0x2 
 .rodata.test   0x08007e14       0x30 MPU9250\util\inv_mpu.o
                0x08007e14                test
 .rodata.ExCvt  0x08007e44       0x80 Middlewares\Third_Party\FatFs\src\ff.o
 .rodata.follow_path.str1.1
                0x08007ec4        0xf Middlewares\Third_Party\FatFs\src\ff.o
 .rodata.Check_Bootcount.str1.1
                0x08007ed3       0x30 Src\main.o
 .rodata.Config_Logdir.str1.1
                0x08007f03       0xa6 Src\main.o
 .rodata.HAL_GPIO_EXTI_Callback.str1.1
                0x08007fa9       0x3c Src\main.o
 .rodata.HAL_TIM_OC_DelayElapsedCallback.str1.1
                0x08007fe5       0x19 Src\main.o
 .rodata.Init_LoggerSystem.str1.1
                0x08007ffe       0x4d Src\main.o
 .rodata.Trigger_ReleaseSystem.str1.1
                0x0800804b       0x1a Src\main.o
 .rodata.main.str1.1
                0x08008065       0x61 Src\main.o
 .rodata.AHBPrescTable
                0x080080c6       0x10 Src\system_stm32f3xx.o
                0x080080c6                AHBPrescTable
 .rodata.APBPrescTable
                0x080080d6        0x8 Src\system_stm32f3xx.o
                0x080080d6                APBPrescTable
 *fill*         0x080080de        0x2 
 .rodata.__sf_fake_stderr
                0x080080e0       0x20 c:/program files (x86)/atollic/truestudio for stm32 9.0.0/armtools/bin/../lib/gcc/arm-atollic-eabi/6.3.1/../../../../arm-atollic-eabi/lib/armv7e-m/fpu\libc_nano.a(lib_a-findfp.o)
                0x080080e0                __sf_fake_stderr
 .rodata.__sf_fake_stdin
                0x08008100       0x20 c:/program files (x86)/atollic/truestudio for stm32 9.0.0/armtools/bin/../lib/gcc/arm-atollic-eabi/6.3.1/../../../../arm-atollic-eabi/lib/armv7e-m/fpu\libc_nano.a(lib_a-findfp.o)
                0x08008100                __sf_fake_stdin
 .rodata.__sf_fake_stdout
                0x08008120       0x20 c:/program files (x86)/atollic/truestudio for stm32 9.0.0/armtools/bin/../lib/gcc/arm-atollic-eabi/6.3.1/../../../../arm-atollic-eabi/lib/armv7e-m/fpu\libc_nano.a(lib_a-findfp.o)
                0x08008120                __sf_fake_stdout
 .rodata._global_impure_ptr
                0x08008140        0x4 c:/program files (x86)/atollic/truestudio for stm32 9.0.0/armtools/bin/../lib/gcc/arm-atollic-eabi/6.3.1/../../../../arm-atollic-eabi/lib/armv7e-m/fpu\libc_nano.a(lib_a-impure.o)
                0x08008140                _global_impure_ptr
 .rodata._setlocale_r.str1.1
                0x08008144        0x8 c:/program files (x86)/atollic/truestudio for stm32 9.0.0/armtools/bin/../lib/gcc/arm-atollic-eabi/6.3.1/../../../../arm-atollic-eabi/lib/armv7e-m/fpu\libc_nano.a(lib_a-locale.o)
                                  0x9 (size before relaxing)
 .rodata.str1.1
                0x0800814c        0x2 c:/program files (x86)/atollic/truestudio for stm32 9.0.0/armtools/bin/../lib/gcc/arm-atollic-eabi/6.3.1/../../../../arm-atollic-eabi/lib/armv7e-m/fpu\libc_nano.a(lib_a-locale.o)
 .rodata._svfprintf_r.str1.1
                0x0800814e       0x11 c:/program files (x86)/atollic/truestudio for stm32 9.0.0/armtools/bin/../lib/gcc/arm-atollic-eabi/6.3.1/../../../../arm-atollic-eabi/lib/armv7e-m/fpu\libc_nano.a(lib_a-nano-svfprintf.o)
 .rodata._printf_i.str1.1
                0x0800815f       0x22 c:/program files (x86)/atollic/truestudio for stm32 9.0.0/armtools/bin/../lib/gcc/arm-atollic-eabi/6.3.1/../../../../arm-atollic-eabi/lib/armv7e-m/fpu\libc_nano.a(lib_a-nano-vfprintf_i.o)
 .rodata._ctype_
                0x08008181      0x101 c:/program files (x86)/atollic/truestudio for stm32 9.0.0/armtools/bin/../lib/gcc/arm-atollic-eabi/6.3.1/../../../../arm-atollic-eabi/lib/armv7e-m/fpu\libc_nano.a(lib_a-ctype_.o)
                0x08008181                _ctype_
                0x08008284                . = ALIGN (0x4)
 *fill*         0x08008282        0x2 

.rel.dyn        0x08008284        0x0
 .rel.iplt      0x08008284        0x0 c:/program files (x86)/atollic/truestudio for stm32 9.0.0/armtools/bin/../lib/gcc/arm-atollic-eabi/6.3.1/armv7e-m/fpu/crtbegin.o

.ARM.extab
 *(.ARM.extab* .gnu.linkonce.armextab.*)

.ARM            0x08008284        0x0
                0x08008284                __exidx_start = .
 *(.ARM.exidx*)
                0x08008284                __exidx_end = .

.preinit_array  0x08008284        0x0
                0x08008284                PROVIDE (__preinit_array_start, .)
 *(.preinit_array*)
                0x08008284                PROVIDE (__preinit_array_end, .)

.init_array     0x08008284        0x4
                0x08008284                PROVIDE (__init_array_start, .)
 *(SORT(.init_array.*))
 *(.init_array*)
 .init_array    0x08008284        0x4 c:/program files (x86)/atollic/truestudio for stm32 9.0.0/armtools/bin/../lib/gcc/arm-atollic-eabi/6.3.1/armv7e-m/fpu/crtbegin.o
                0x08008288                PROVIDE (__init_array_end, .)

.fini_array     0x08008288        0x4
                [!provide]                PROVIDE (__fini_array_start, .)
 *(SORT(.fini_array.*))
 *(.fini_array*)
 .fini_array    0x08008288        0x4 c:/program files (x86)/atollic/truestudio for stm32 9.0.0/armtools/bin/../lib/gcc/arm-atollic-eabi/6.3.1/armv7e-m/fpu/crtbegin.o
                [!provide]                PROVIDE (__fini_array_end, .)
                0x0800828c                _sidata = LOADADDR (.data)

.data           0x20000000      0x25c load address 0x0800828c
                0x20000000                . = ALIGN (0x4)
                0x20000000                _sdata = .
 *(.data)
 *(.data*)
 .data.hw       0x20000000        0xe MPU9250\util\inv_mpu.o
                0x20000000                hw
 *fill*         0x2000000e        0x2 
 .data.st       0x20000010       0x38 MPU9250\util\inv_mpu.o
 .data.dir_datlog
                0x20000048       0x14 Src\main.o
                0x20000048                dir_datlog
 .data.dir_syslog
                0x2000005c       0x14 Src\main.o
                0x2000005c                dir_syslog
 .data.SystemCoreClock
                0x20000070        0x4 Src\system_stm32f3xx.o
                0x20000070                SystemCoreClock
 .data.Stat     0x20000074        0x1 Src\user_diskio.o
 *fill*         0x20000075        0x3 
 .data.USER_Driver
                0x20000078       0x14 Src\user_diskio.o
                0x20000078                USER_Driver
 .data._impure_ptr
                0x2000008c        0x4 c:/program files (x86)/atollic/truestudio for stm32 9.0.0/armtools/bin/../lib/gcc/arm-atollic-eabi/6.3.1/../../../../arm-atollic-eabi/lib/armv7e-m/fpu\libc_nano.a(lib_a-impure.o)
                0x2000008c                _impure_ptr
 .data.impure_data
                0x20000090       0x60 c:/program files (x86)/atollic/truestudio for stm32 9.0.0/armtools/bin/../lib/gcc/arm-atollic-eabi/6.3.1/../../../../arm-atollic-eabi/lib/armv7e-m/fpu\libc_nano.a(lib_a-impure.o)
 .data.__global_locale
                0x200000f0      0x16c c:/program files (x86)/atollic/truestudio for stm32 9.0.0/armtools/bin/../lib/gcc/arm-atollic-eabi/6.3.1/../../../../arm-atollic-eabi/lib/armv7e-m/fpu\libc_nano.a(lib_a-locale.o)
                0x200000f0                __global_locale
                0x2000025c                . = ALIGN (0x4)
                0x2000025c                _edata = .
                0x080084e8                _siccmram = LOADADDR (.ccmram)

.igot.plt       0x2000025c        0x0 load address 0x080084e8
 .igot.plt      0x2000025c        0x0 c:/program files (x86)/atollic/truestudio for stm32 9.0.0/armtools/bin/../lib/gcc/arm-atollic-eabi/6.3.1/armv7e-m/fpu/crtbegin.o

.ccmram         0x10000000        0x0 load address 0x080084e8
                0x10000000                . = ALIGN (0x4)
                0x10000000                _sccmram = .
 *(.ccmram)
 *(.ccmram*)
                0x10000000                . = ALIGN (0x4)
                0x10000000                _eccmram = .
                0x10000000                . = ALIGN (0x4)

.bss            0x2000025c     0x2070
                0x2000025c                _sbss = .
                0x2000025c                __bss_start__ = _sbss
 *(.bss)
 .bss           0x2000025c       0x1c c:/program files (x86)/atollic/truestudio for stm32 9.0.0/armtools/bin/../lib/gcc/arm-atollic-eabi/6.3.1/armv7e-m/fpu/crtbegin.o
 *(.bss*)
 .bss.counter   0x20000278        0x4 MPU9250\util\stm32_mpu9250_clk.o
                0x20000278                counter
 .bss.FatFs     0x2000027c        0x4 Middlewares\Third_Party\FatFs\src\ff.o
 .bss.Files     0x20000280       0x18 Middlewares\Third_Party\FatFs\src\ff.o
 .bss.Fsid      0x20000298        0x2 Middlewares\Third_Party\FatFs\src\ff.o
 *fill*         0x2000029a        0x2 
 .bss.disk      0x2000029c        0xc Middlewares\Third_Party\FatFs\src\ff_gen_drv.o
                0x2000029c                disk
 .bss.outptr    0x200002a8        0x4 Src\xprintf.o
 .bss.__malloc_free_list
                0x200002ac        0x4 c:/program files (x86)/atollic/truestudio for stm32 9.0.0/armtools/bin/../lib/gcc/arm-atollic-eabi/6.3.1/../../../../arm-atollic-eabi/lib/armv7e-m/fpu\libc_nano.a(lib_a-nano-mallocr.o)
                0x200002ac                __malloc_free_list
 .bss.__malloc_sbrk_start
                0x200002b0        0x4 c:/program files (x86)/atollic/truestudio for stm32 9.0.0/armtools/bin/../lib/gcc/arm-atollic-eabi/6.3.1/../../../../arm-atollic-eabi/lib/armv7e-m/fpu\libc_nano.a(lib_a-nano-mallocr.o)
                0x200002b0                __malloc_sbrk_start
 .bss.heap_end.5239
                0x200002b4        0x4 c:/program files (x86)/atollic/truestudio for stm32 9.0.0/armtools/bin/../lib/gcc/arm-atollic-eabi/6.3.1/../../../../arm-atollic-eabi/lib/armv7e-m/fpu\libnosys.a(sbrk.o)
 *(COMMON)
 COMMON         0x200002b8        0x4 Drivers\STM32F3xx_HAL_Driver\Src\stm32f3xx_hal.o
                0x200002b8                uwTick
 COMMON         0x200002bc       0x4c MPU9250\util\stm32_mpu9250_i2c.o
                0x200002bc                hi2c
 COMMON         0x20000308      0x694 Src\fatfs.o
                0x20000308                USERPath
                0x2000030c                retUSER
                0x20000310                SDFatFs
                0x20000540                USERFile
                0x2000076c                USERFatFS
 COMMON         0x2000099c     0x1924 Src\main.o
                0x2000099c                mpu9250
                0x200009fc                hi2c1
                0x20000a48                FlightInfo
                0x20001e54                htim3
                0x20001e94                file
                0x200020c0                huart1
                0x20002130                SDPath
                0x20002134                hrtc
                0x20002154                huart4
                0x200021c4                lps22hb
                0x200021dc                hspi1
                0x20002240                htim2
                0x20002280                htim16
 COMMON         0x200022c0        0x8 Src\xprintf.o
                0x200022c0                xfunc_in
                0x200022c4                xfunc_out
 COMMON         0x200022c8        0x4 c:/program files (x86)/atollic/truestudio for stm32 9.0.0/armtools/bin/../lib/gcc/arm-atollic-eabi/6.3.1/../../../../arm-atollic-eabi/lib/armv7e-m/fpu\libc_nano.a(lib_a-reent.o)
                0x200022c8                errno
                0x200022cc                . = ALIGN (0x4)
                0x200022cc                _ebss = .
                0x200022cc                __bss_end__ = _ebss

._user_heap_stack
                0x200022cc      0x600
                0x200022cc                . = ALIGN (0x4)
                0x200022cc                PROVIDE (end, .)
                [!provide]                PROVIDE (_end, .)
                0x200024cc                . = (. + _Min_Heap_Size)
 *fill*         0x200022cc      0x200 
                0x200028cc                . = (. + _Min_Stack_Size)
 *fill*         0x200024cc      0x400 
                0x200028cc                . = ALIGN (0x4)

/DISCARD/
 libc.a(*)
 libm.a(*)
 libgcc.a(*)

.ARM.attributes
                0x00000000       0x30
 *(.ARM.attributes)
 .ARM.attributes
                0x00000000       0x22 c:/program files (x86)/atollic/truestudio for stm32 9.0.0/armtools/bin/../lib/gcc/arm-atollic-eabi/6.3.1/armv7e-m/fpu/crti.o
 .ARM.attributes
                0x00000022       0x34 c:/program files (x86)/atollic/truestudio for stm32 9.0.0/armtools/bin/../lib/gcc/arm-atollic-eabi/6.3.1/armv7e-m/fpu/crtbegin.o
 .ARM.attributes
                0x00000056       0x39 Drivers\STM32F3xx_HAL_Driver\Src\stm32f3xx_hal.o
 .ARM.attributes
                0x0000008f       0x39 Drivers\STM32F3xx_HAL_Driver\Src\stm32f3xx_hal_cortex.o
 .ARM.attributes
                0x000000c8       0x39 Drivers\STM32F3xx_HAL_Driver\Src\stm32f3xx_hal_gpio.o
 .ARM.attributes
                0x00000101       0x39 Drivers\STM32F3xx_HAL_Driver\Src\stm32f3xx_hal_i2c.o
 .ARM.attributes
                0x0000013a       0x39 Drivers\STM32F3xx_HAL_Driver\Src\stm32f3xx_hal_i2c_ex.o
 .ARM.attributes
                0x00000173       0x39 Drivers\STM32F3xx_HAL_Driver\Src\stm32f3xx_hal_rcc.o
 .ARM.attributes
                0x000001ac       0x39 Drivers\STM32F3xx_HAL_Driver\Src\stm32f3xx_hal_rcc_ex.o
 .ARM.attributes
                0x000001e5       0x39 Drivers\STM32F3xx_HAL_Driver\Src\stm32f3xx_hal_rtc.o
 .ARM.attributes
                0x0000021e       0x39 Drivers\STM32F3xx_HAL_Driver\Src\stm32f3xx_hal_rtc_ex.o
 .ARM.attributes
                0x00000257       0x39 Drivers\STM32F3xx_HAL_Driver\Src\stm32f3xx_hal_spi.o
 .ARM.attributes
                0x00000290       0x39 Drivers\STM32F3xx_HAL_Driver\Src\stm32f3xx_hal_tim.o
 .ARM.attributes
                0x000002c9       0x39 Drivers\STM32F3xx_HAL_Driver\Src\stm32f3xx_hal_tim_ex.o
 .ARM.attributes
                0x00000302       0x39 Drivers\STM32F3xx_HAL_Driver\Src\stm32f3xx_hal_uart.o
 .ARM.attributes
                0x0000033b       0x39 MPU9250\MPU9250.o
 .ARM.attributes
                0x00000374       0x39 MPU9250\util\inv_mpu.o
 .ARM.attributes
                0x000003ad       0x39 MPU9250\util\stm32_mpu9250_clk.o
 .ARM.attributes
                0x000003e6       0x39 MPU9250\util\stm32_mpu9250_i2c.o
 .ARM.attributes
                0x0000041f       0x39 Middlewares\Third_Party\FatFs\src\diskio.o
 .ARM.attributes
                0x00000458       0x39 Middlewares\Third_Party\FatFs\src\ff.o
 .ARM.attributes
                0x00000491       0x39 Middlewares\Third_Party\FatFs\src\ff_gen_drv.o
 .ARM.attributes
                0x000004ca       0x39 Src\LPS22HB.o
 .ARM.attributes
                0x00000503       0x39 Src\fatfs.o
 .ARM.attributes
                0x0000053c       0x39 Src\main.o
 .ARM.attributes
                0x00000575       0x39 Src\stm32f3xx_hal_msp.o
 .ARM.attributes
                0x000005ae       0x39 Src\stm32f3xx_it.o
 .ARM.attributes
                0x000005e7       0x39 Src\system_stm32f3xx.o
 .ARM.attributes
                0x00000620       0x39 Src\user_diskio.o
 .ARM.attributes
                0x00000659       0x39 Src\xprintf.o
 .ARM.attributes
                0x00000692       0x21 startup\startup_stm32f303xe.o
 .ARM.attributes
                0x000006b3       0x34 c:/program files (x86)/atollic/truestudio for stm32 9.0.0/armtools/bin/../lib/gcc/arm-atollic-eabi/6.3.1/../../../../arm-atollic-eabi/lib/armv7e-m/fpu\libc_nano.a(lib_a-atoi.o)
 .ARM.attributes
                0x000006e7       0x34 c:/program files (x86)/atollic/truestudio for stm32 9.0.0/armtools/bin/../lib/gcc/arm-atollic-eabi/6.3.1/../../../../arm-atollic-eabi/lib/armv7e-m/fpu\libc_nano.a(lib_a-init.o)
 .ARM.attributes
                0x0000071b       0x34 c:/program files (x86)/atollic/truestudio for stm32 9.0.0/armtools/bin/../lib/gcc/arm-atollic-eabi/6.3.1/../../../../arm-atollic-eabi/lib/armv7e-m/fpu\libc_nano.a(lib_a-memcpy-stub.o)
 .ARM.attributes
                0x0000074f       0x34 c:/program files (x86)/atollic/truestudio for stm32 9.0.0/armtools/bin/../lib/gcc/arm-atollic-eabi/6.3.1/../../../../arm-atollic-eabi/lib/armv7e-m/fpu\libc_nano.a(lib_a-memset.o)
 .ARM.attributes
                0x00000783       0x34 c:/program files (x86)/atollic/truestudio for stm32 9.0.0/armtools/bin/../lib/gcc/arm-atollic-eabi/6.3.1/../../../../arm-atollic-eabi/lib/armv7e-m/fpu\libc_nano.a(lib_a-nano-freer.o)
 .ARM.attributes
                0x000007b7       0x34 c:/program files (x86)/atollic/truestudio for stm32 9.0.0/armtools/bin/../lib/gcc/arm-atollic-eabi/6.3.1/../../../../arm-atollic-eabi/lib/armv7e-m/fpu\libc_nano.a(lib_a-nano-mallocr.o)
 .ARM.attributes
                0x000007eb       0x34 c:/program files (x86)/atollic/truestudio for stm32 9.0.0/armtools/bin/../lib/gcc/arm-atollic-eabi/6.3.1/../../../../arm-atollic-eabi/lib/armv7e-m/fpu\libc_nano.a(lib_a-puts.o)
 .ARM.attributes
                0x0000081f       0x34 c:/program files (x86)/atollic/truestudio for stm32 9.0.0/armtools/bin/../lib/gcc/arm-atollic-eabi/6.3.1/../../../../arm-atollic-eabi/lib/armv7e-m/fpu\libc_nano.a(lib_a-sbrkr.o)
 .ARM.attributes
                0x00000853       0x34 c:/program files (x86)/atollic/truestudio for stm32 9.0.0/armtools/bin/../lib/gcc/arm-atollic-eabi/6.3.1/../../../../arm-atollic-eabi/lib/armv7e-m/fpu\libc_nano.a(lib_a-sprintf.o)
 .ARM.attributes
                0x00000887       0x34 c:/program files (x86)/atollic/truestudio for stm32 9.0.0/armtools/bin/../lib/gcc/arm-atollic-eabi/6.3.1/../../../../arm-atollic-eabi/lib/armv7e-m/fpu\libc_nano.a(lib_a-strcpy.o)
 .ARM.attributes
                0x000008bb       0x34 c:/program files (x86)/atollic/truestudio for stm32 9.0.0/armtools/bin/../lib/gcc/arm-atollic-eabi/6.3.1/../../../../arm-atollic-eabi/lib/armv7e-m/fpu\libc_nano.a(lib_a-strtol.o)
 .ARM.attributes
                0x000008ef       0x34 c:/program files (x86)/atollic/truestudio for stm32 9.0.0/armtools/bin/../lib/gcc/arm-atollic-eabi/6.3.1/../../../../arm-atollic-eabi/lib/armv7e-m/fpu\libc_nano.a(lib_a-wbuf.o)
 .ARM.attributes
                0x00000923       0x34 c:/program files (x86)/atollic/truestudio for stm32 9.0.0/armtools/bin/../lib/gcc/arm-atollic-eabi/6.3.1/../../../../arm-atollic-eabi/lib/armv7e-m/fpu\libc_nano.a(lib_a-wsetup.o)
 .ARM.attributes
                0x00000957       0x34 c:/program files (x86)/atollic/truestudio for stm32 9.0.0/armtools/bin/../lib/gcc/arm-atollic-eabi/6.3.1/../../../../arm-atollic-eabi/lib/armv7e-m/fpu\libc_nano.a(lib_a-fflush.o)
 .ARM.attributes
                0x0000098b       0x34 c:/program files (x86)/atollic/truestudio for stm32 9.0.0/armtools/bin/../lib/gcc/arm-atollic-eabi/6.3.1/../../../../arm-atollic-eabi/lib/armv7e-m/fpu\libc_nano.a(lib_a-findfp.o)
 .ARM.attributes
                0x000009bf       0x34 c:/program files (x86)/atollic/truestudio for stm32 9.0.0/armtools/bin/../lib/gcc/arm-atollic-eabi/6.3.1/../../../../arm-atollic-eabi/lib/armv7e-m/fpu\libc_nano.a(lib_a-fwalk.o)
 .ARM.attributes
                0x000009f3       0x34 c:/program files (x86)/atollic/truestudio for stm32 9.0.0/armtools/bin/../lib/gcc/arm-atollic-eabi/6.3.1/../../../../arm-atollic-eabi/lib/armv7e-m/fpu\libc_nano.a(lib_a-impure.o)
 .ARM.attributes
                0x00000a27       0x34 c:/program files (x86)/atollic/truestudio for stm32 9.0.0/armtools/bin/../lib/gcc/arm-atollic-eabi/6.3.1/../../../../arm-atollic-eabi/lib/armv7e-m/fpu\libc_nano.a(lib_a-locale.o)
 .ARM.attributes
                0x00000a5b       0x34 c:/program files (x86)/atollic/truestudio for stm32 9.0.0/armtools/bin/../lib/gcc/arm-atollic-eabi/6.3.1/../../../../arm-atollic-eabi/lib/armv7e-m/fpu\libc_nano.a(lib_a-makebuf.o)
 .ARM.attributes
                0x00000a8f       0x34 c:/program files (x86)/atollic/truestudio for stm32 9.0.0/armtools/bin/../lib/gcc/arm-atollic-eabi/6.3.1/../../../../arm-atollic-eabi/lib/armv7e-m/fpu\libc_nano.a(lib_a-mbtowc_r.o)
 .ARM.attributes
                0x00000ac3       0x34 c:/program files (x86)/atollic/truestudio for stm32 9.0.0/armtools/bin/../lib/gcc/arm-atollic-eabi/6.3.1/../../../../arm-atollic-eabi/lib/armv7e-m/fpu\libc_nano.a(lib_a-mlock.o)
 .ARM.attributes
                0x00000af7       0x34 c:/program files (x86)/atollic/truestudio for stm32 9.0.0/armtools/bin/../lib/gcc/arm-atollic-eabi/6.3.1/../../../../arm-atollic-eabi/lib/armv7e-m/fpu\libc_nano.a(lib_a-nano-svfprintf.o)
 .ARM.attributes
                0x00000b2b       0x34 c:/program files (x86)/atollic/truestudio for stm32 9.0.0/armtools/bin/../lib/gcc/arm-atollic-eabi/6.3.1/../../../../arm-atollic-eabi/lib/armv7e-m/fpu\libc_nano.a(lib_a-nano-vfprintf_i.o)
 .ARM.attributes
                0x00000b5f       0x34 c:/program files (x86)/atollic/truestudio for stm32 9.0.0/armtools/bin/../lib/gcc/arm-atollic-eabi/6.3.1/../../../../arm-atollic-eabi/lib/armv7e-m/fpu\libc_nano.a(lib_a-reent.o)
 .ARM.attributes
                0x00000b93       0x34 c:/program files (x86)/atollic/truestudio for stm32 9.0.0/armtools/bin/../lib/gcc/arm-atollic-eabi/6.3.1/../../../../arm-atollic-eabi/lib/armv7e-m/fpu\libc_nano.a(lib_a-stdio.o)
 .ARM.attributes
                0x00000bc7       0x34 c:/program files (x86)/atollic/truestudio for stm32 9.0.0/armtools/bin/../lib/gcc/arm-atollic-eabi/6.3.1/../../../../arm-atollic-eabi/lib/armv7e-m/fpu\libc_nano.a(lib_a-wctomb_r.o)
 .ARM.attributes
                0x00000bfb       0x34 c:/program files (x86)/atollic/truestudio for stm32 9.0.0/armtools/bin/../lib/gcc/arm-atollic-eabi/6.3.1/../../../../arm-atollic-eabi/lib/armv7e-m/fpu\libc_nano.a(lib_a-writer.o)
 .ARM.attributes
                0x00000c2f       0x34 c:/program files (x86)/atollic/truestudio for stm32 9.0.0/armtools/bin/../lib/gcc/arm-atollic-eabi/6.3.1/../../../../arm-atollic-eabi/lib/armv7e-m/fpu\libc_nano.a(lib_a-closer.o)
 .ARM.attributes
                0x00000c63       0x34 c:/program files (x86)/atollic/truestudio for stm32 9.0.0/armtools/bin/../lib/gcc/arm-atollic-eabi/6.3.1/../../../../arm-atollic-eabi/lib/armv7e-m/fpu\libc_nano.a(lib_a-ctype_.o)
 .ARM.attributes
                0x00000c97       0x34 c:/program files (x86)/atollic/truestudio for stm32 9.0.0/armtools/bin/../lib/gcc/arm-atollic-eabi/6.3.1/../../../../arm-atollic-eabi/lib/armv7e-m/fpu\libc_nano.a(lib_a-fstatr.o)
 .ARM.attributes
                0x00000ccb       0x34 c:/program files (x86)/atollic/truestudio for stm32 9.0.0/armtools/bin/../lib/gcc/arm-atollic-eabi/6.3.1/../../../../arm-atollic-eabi/lib/armv7e-m/fpu\libc_nano.a(lib_a-isattyr.o)
 .ARM.attributes
                0x00000cff       0x34 c:/program files (x86)/atollic/truestudio for stm32 9.0.0/armtools/bin/../lib/gcc/arm-atollic-eabi/6.3.1/../../../../arm-atollic-eabi/lib/armv7e-m/fpu\libc_nano.a(lib_a-lseekr.o)
 .ARM.attributes
                0x00000d33       0x20 c:/program files (x86)/atollic/truestudio for stm32 9.0.0/armtools/bin/../lib/gcc/arm-atollic-eabi/6.3.1/../../../../arm-atollic-eabi/lib/armv7e-m/fpu\libc_nano.a(lib_a-memchr.o)
 .ARM.attributes
                0x00000d53       0x34 c:/program files (x86)/atollic/truestudio for stm32 9.0.0/armtools/bin/../lib/gcc/arm-atollic-eabi/6.3.1/../../../../arm-atollic-eabi/lib/armv7e-m/fpu\libc_nano.a(lib_a-memmove.o)
 .ARM.attributes
                0x00000d87       0x34 c:/program files (x86)/atollic/truestudio for stm32 9.0.0/armtools/bin/../lib/gcc/arm-atollic-eabi/6.3.1/../../../../arm-atollic-eabi/lib/armv7e-m/fpu\libc_nano.a(lib_a-nano-reallocr.o)
 .ARM.attributes
                0x00000dbb       0x34 c:/program files (x86)/atollic/truestudio for stm32 9.0.0/armtools/bin/../lib/gcc/arm-atollic-eabi/6.3.1/../../../../arm-atollic-eabi/lib/armv7e-m/fpu\libc_nano.a(lib_a-readr.o)
 .ARM.attributes
                0x00000def       0x34 c:/program files (x86)/atollic/truestudio for stm32 9.0.0/armtools/bin/../lib/gcc/arm-atollic-eabi/6.3.1/../../../../arm-atollic-eabi/lib/armv7e-m/fpu\libc_nano.a(lib_a-nano-msizer.o)
 .ARM.attributes
                0x00000e23       0x22 c:/program files (x86)/atollic/truestudio for stm32 9.0.0/armtools/bin/../lib/gcc/arm-atollic-eabi/6.3.1/armv7e-m/fpu\libgcc.a(_arm_addsubdf3.o)
 .ARM.attributes
                0x00000e45       0x34 c:/program files (x86)/atollic/truestudio for stm32 9.0.0/armtools/bin/../lib/gcc/arm-atollic-eabi/6.3.1/../../../../arm-atollic-eabi/lib/armv7e-m/fpu\libnosys.a(close.o)
 .ARM.attributes
                0x00000e79       0x34 c:/program files (x86)/atollic/truestudio for stm32 9.0.0/armtools/bin/../lib/gcc/arm-atollic-eabi/6.3.1/../../../../arm-atollic-eabi/lib/armv7e-m/fpu\libnosys.a(fstat.o)
 .ARM.attributes
                0x00000ead       0x34 c:/program files (x86)/atollic/truestudio for stm32 9.0.0/armtools/bin/../lib/gcc/arm-atollic-eabi/6.3.1/../../../../arm-atollic-eabi/lib/armv7e-m/fpu\libnosys.a(isatty.o)
 .ARM.attributes
                0x00000ee1       0x34 c:/program files (x86)/atollic/truestudio for stm32 9.0.0/armtools/bin/../lib/gcc/arm-atollic-eabi/6.3.1/../../../../arm-atollic-eabi/lib/armv7e-m/fpu\libnosys.a(lseek.o)
 .ARM.attributes
                0x00000f15       0x34 c:/program files (x86)/atollic/truestudio for stm32 9.0.0/armtools/bin/../lib/gcc/arm-atollic-eabi/6.3.1/../../../../arm-atollic-eabi/lib/armv7e-m/fpu\libnosys.a(read.o)
 .ARM.attributes
                0x00000f49       0x34 c:/program files (x86)/atollic/truestudio for stm32 9.0.0/armtools/bin/../lib/gcc/arm-atollic-eabi/6.3.1/../../../../arm-atollic-eabi/lib/armv7e-m/fpu\libnosys.a(sbrk.o)
 .ARM.attributes
                0x00000f7d       0x34 c:/program files (x86)/atollic/truestudio for stm32 9.0.0/armtools/bin/../lib/gcc/arm-atollic-eabi/6.3.1/../../../../arm-atollic-eabi/lib/armv7e-m/fpu\libnosys.a(write.o)
 .ARM.attributes
                0x00000fb1       0x22 c:/program files (x86)/atollic/truestudio for stm32 9.0.0/armtools/bin/../lib/gcc/arm-atollic-eabi/6.3.1/armv7e-m/fpu/crtn.o
OUTPUT(RaSK_GeneralRocketLoggerV1.1.elf elf32-littlearm)

.debug_info     0x00000000    0x3182d
 .debug_info    0x00000000      0xfe0 Drivers\STM32F3xx_HAL_Driver\Src\stm32f3xx_hal.o
 .debug_info    0x00000fe0     0x16de Drivers\STM32F3xx_HAL_Driver\Src\stm32f3xx_hal_cortex.o
 .debug_info    0x000026be      0xf98 Drivers\STM32F3xx_HAL_Driver\Src\stm32f3xx_hal_gpio.o
 .debug_info    0x00003656     0x3943 Drivers\STM32F3xx_HAL_Driver\Src\stm32f3xx_hal_i2c.o
 .debug_info    0x00006f99     0x114e Drivers\STM32F3xx_HAL_Driver\Src\stm32f3xx_hal_i2c_ex.o
 .debug_info    0x000080e7     0x1afd Drivers\STM32F3xx_HAL_Driver\Src\stm32f3xx_hal_rcc.o
 .debug_info    0x00009be4      0xf53 Drivers\STM32F3xx_HAL_Driver\Src\stm32f3xx_hal_rcc_ex.o
 .debug_info    0x0000ab37     0x16f4 Drivers\STM32F3xx_HAL_Driver\Src\stm32f3xx_hal_rtc.o
 .debug_info    0x0000c22b     0x18c0 Drivers\STM32F3xx_HAL_Driver\Src\stm32f3xx_hal_rtc_ex.o
 .debug_info    0x0000daeb     0x27f3 Drivers\STM32F3xx_HAL_Driver\Src\stm32f3xx_hal_spi.o
 .debug_info    0x000102de     0x3d10 Drivers\STM32F3xx_HAL_Driver\Src\stm32f3xx_hal_tim.o
 .debug_info    0x00013fee     0x1d4c Drivers\STM32F3xx_HAL_Driver\Src\stm32f3xx_hal_tim_ex.o
 .debug_info    0x00015d3a     0x2221 Drivers\STM32F3xx_HAL_Driver\Src\stm32f3xx_hal_uart.o
 .debug_info    0x00017f5b     0x2c44 MPU9250\MPU9250.o
 .debug_info    0x0001ab9f     0x3ecd MPU9250\util\inv_mpu.o
 .debug_info    0x0001ea6c      0x985 MPU9250\util\stm32_mpu9250_clk.o
 .debug_info    0x0001f3f1      0xfa7 MPU9250\util\stm32_mpu9250_i2c.o
 .debug_info    0x00020398      0xcb9 Middlewares\Third_Party\FatFs\src\diskio.o
 .debug_info    0x00021051     0x42a4 Middlewares\Third_Party\FatFs\src\ff.o
 .debug_info    0x000252f5      0xcef Middlewares\Third_Party\FatFs\src\ff_gen_drv.o
 .debug_info    0x00025fe4     0x1566 Src\LPS22HB.o
 .debug_info    0x0002754a      0xdc1 Src\fatfs.o
 .debug_info    0x0002830b     0x454e Src\main.o
 .debug_info    0x0002c859     0x2186 Src\stm32f3xx_hal_msp.o
 .debug_info    0x0002e9df      0xf00 Src\stm32f3xx_it.o
 .debug_info    0x0002f8df      0xc20 Src\system_stm32f3xx.o
 .debug_info    0x000304ff      0xbdf Src\user_diskio.o
 .debug_info    0x000310de      0x6b4 Src\xprintf.o
 .debug_info    0x00031792       0x9b startup\startup_stm32f303xe.o

.debug_abbrev   0x00000000     0x5226
 .debug_abbrev  0x00000000      0x2b3 Drivers\STM32F3xx_HAL_Driver\Src\stm32f3xx_hal.o
 .debug_abbrev  0x000002b3      0x37d Drivers\STM32F3xx_HAL_Driver\Src\stm32f3xx_hal_cortex.o
 .debug_abbrev  0x00000630      0x268 Drivers\STM32F3xx_HAL_Driver\Src\stm32f3xx_hal_gpio.o
 .debug_abbrev  0x00000898      0x3b8 Drivers\STM32F3xx_HAL_Driver\Src\stm32f3xx_hal_i2c.o
 .debug_abbrev  0x00000c50      0x218 Drivers\STM32F3xx_HAL_Driver\Src\stm32f3xx_hal_i2c_ex.o
 .debug_abbrev  0x00000e68      0x345 Drivers\STM32F3xx_HAL_Driver\Src\stm32f3xx_hal_rcc.o
 .debug_abbrev  0x000011ad      0x329 Drivers\STM32F3xx_HAL_Driver\Src\stm32f3xx_hal_rcc_ex.o
 .debug_abbrev  0x000014d6      0x2c6 Drivers\STM32F3xx_HAL_Driver\Src\stm32f3xx_hal_rtc.o
 .debug_abbrev  0x0000179c      0x2d5 Drivers\STM32F3xx_HAL_Driver\Src\stm32f3xx_hal_rtc_ex.o
 .debug_abbrev  0x00001a71      0x389 Drivers\STM32F3xx_HAL_Driver\Src\stm32f3xx_hal_spi.o
 .debug_abbrev  0x00001dfa      0x3ab Drivers\STM32F3xx_HAL_Driver\Src\stm32f3xx_hal_tim.o
 .debug_abbrev  0x000021a5      0x30d Drivers\STM32F3xx_HAL_Driver\Src\stm32f3xx_hal_tim_ex.o
 .debug_abbrev  0x000024b2      0x384 Drivers\STM32F3xx_HAL_Driver\Src\stm32f3xx_hal_uart.o
 .debug_abbrev  0x00002836      0x44a MPU9250\MPU9250.o
 .debug_abbrev  0x00002c80      0x404 MPU9250\util\inv_mpu.o
 .debug_abbrev  0x00003084      0x1b4 MPU9250\util\stm32_mpu9250_clk.o
 .debug_abbrev  0x00003238      0x210 MPU9250\util\stm32_mpu9250_i2c.o
 .debug_abbrev  0x00003448      0x23d Middlewares\Third_Party\FatFs\src\diskio.o
 .debug_abbrev  0x00003685      0x410 Middlewares\Third_Party\FatFs\src\ff.o
 .debug_abbrev  0x00003a95      0x2a5 Middlewares\Third_Party\FatFs\src\ff_gen_drv.o
 .debug_abbrev  0x00003d3a      0x23b Src\LPS22HB.o
 .debug_abbrev  0x00003f75      0x24e Src\fatfs.o
 .debug_abbrev  0x000041c3      0x4af Src\main.o
 .debug_abbrev  0x00004672      0x2e1 Src\stm32f3xx_hal_msp.o
 .debug_abbrev  0x00004953      0x23a Src\stm32f3xx_it.o
 .debug_abbrev  0x00004b8d      0x1ca Src\system_stm32f3xx.o
 .debug_abbrev  0x00004d57      0x259 Src\user_diskio.o
 .debug_abbrev  0x00004fb0      0x264 Src\xprintf.o
 .debug_abbrev  0x00005214       0x12 startup\startup_stm32f303xe.o

.debug_loc      0x00000000    0x15e61
 .debug_loc     0x00000000       0x69 Drivers\STM32F3xx_HAL_Driver\Src\stm32f3xx_hal.o
 .debug_loc     0x00000069      0x4fb Drivers\STM32F3xx_HAL_Driver\Src\stm32f3xx_hal_cortex.o
 .debug_loc     0x00000564      0x2b7 Drivers\STM32F3xx_HAL_Driver\Src\stm32f3xx_hal_gpio.o
 .debug_loc     0x0000081b     0x314b Drivers\STM32F3xx_HAL_Driver\Src\stm32f3xx_hal_i2c.o
 .debug_loc     0x00003966      0x1b8 Drivers\STM32F3xx_HAL_Driver\Src\stm32f3xx_hal_i2c_ex.o
 .debug_loc     0x00003b1e      0x92c Drivers\STM32F3xx_HAL_Driver\Src\stm32f3xx_hal_rcc.o
 .debug_loc     0x0000444a      0x858 Drivers\STM32F3xx_HAL_Driver\Src\stm32f3xx_hal_rcc_ex.o
 .debug_loc     0x00004ca2      0x838 Drivers\STM32F3xx_HAL_Driver\Src\stm32f3xx_hal_rtc.o
 .debug_loc     0x000054da      0xa82 Drivers\STM32F3xx_HAL_Driver\Src\stm32f3xx_hal_rtc_ex.o
 .debug_loc     0x00005f5c     0x1888 Drivers\STM32F3xx_HAL_Driver\Src\stm32f3xx_hal_spi.o
 .debug_loc     0x000077e4     0x31c6 Drivers\STM32F3xx_HAL_Driver\Src\stm32f3xx_hal_tim.o
 .debug_loc     0x0000a9aa      0xeca Drivers\STM32F3xx_HAL_Driver\Src\stm32f3xx_hal_tim_ex.o
 .debug_loc     0x0000b874     0x1431 Drivers\STM32F3xx_HAL_Driver\Src\stm32f3xx_hal_uart.o
 .debug_loc     0x0000cca5     0x1137 MPU9250\MPU9250.o
 .debug_loc     0x0000dddc     0x1e01 MPU9250\util\inv_mpu.o
 .debug_loc     0x0000fbdd       0x21 MPU9250\util\stm32_mpu9250_clk.o
 .debug_loc     0x0000fbfe      0x14c MPU9250\util\stm32_mpu9250_i2c.o
 .debug_loc     0x0000fd4a      0x1c6 Middlewares\Third_Party\FatFs\src\diskio.o
 .debug_loc     0x0000ff10     0x44f7 Middlewares\Third_Party\FatFs\src\ff.o
 .debug_loc     0x00014407      0x216 Middlewares\Third_Party\FatFs\src\ff_gen_drv.o
 .debug_loc     0x0001461d      0x3dc Src\LPS22HB.o
 .debug_loc     0x000149f9      0x741 Src\main.o
 .debug_loc     0x0001513a      0x171 Src\stm32f3xx_hal_msp.o
 .debug_loc     0x000152ab       0xf5 Src\system_stm32f3xx.o
 .debug_loc     0x000153a0       0x63 Src\user_diskio.o
 .debug_loc     0x00015403      0xa5e Src\xprintf.o

.debug_aranges  0x00000000     0x1670
 .debug_aranges
                0x00000000       0xc0 Drivers\STM32F3xx_HAL_Driver\Src\stm32f3xx_hal.o
 .debug_aranges
                0x000000c0       0xa8 Drivers\STM32F3xx_HAL_Driver\Src\stm32f3xx_hal_cortex.o
 .debug_aranges
                0x00000168       0x58 Drivers\STM32F3xx_HAL_Driver\Src\stm32f3xx_hal_gpio.o
 .debug_aranges
                0x000001c0      0x200 Drivers\STM32F3xx_HAL_Driver\Src\stm32f3xx_hal_i2c.o
 .debug_aranges
                0x000003c0       0x48 Drivers\STM32F3xx_HAL_Driver\Src\stm32f3xx_hal_i2c_ex.o
 .debug_aranges
                0x00000408       0x88 Drivers\STM32F3xx_HAL_Driver\Src\stm32f3xx_hal_rcc.o
 .debug_aranges
                0x00000490       0x38 Drivers\STM32F3xx_HAL_Driver\Src\stm32f3xx_hal_rcc_ex.o
 .debug_aranges
                0x000004c8       0xa8 Drivers\STM32F3xx_HAL_Driver\Src\stm32f3xx_hal_rtc.o
 .debug_aranges
                0x00000570      0x108 Drivers\STM32F3xx_HAL_Driver\Src\stm32f3xx_hal_rtc_ex.o
 .debug_aranges