main.c:1116:9:uart_getc	16	static
main.c:1124:6:uart_putc	16	static
main.c:289:6:SystemClock_Config	160	static
main.c:770:6:Config_OnePulseDelayTime	56	static
main.c:824:5:Check_Bootcount	1128	static
main.c:797:6:Config_Logdir	16	static
main.c:714:6:Init_LoggerSystem	16	static
main.c:868:7:Calc_LeastSquare_Int	80	static
main.c:890:7:Calc_LeastSquare_Float	80	static
main.c:1054:6:HAL_GPIO_EXTI_Callback	8	static
main.c:1095:6:Trigger_ReleaseSystem	8	static
main.c:1081:6:HAL_TIM_OC_DelayElapsedCallback	8	static
main.c:1130:6:uart_puts	8	static
main.c:1141:9:open_append	16	static
main.c:913:6:Estimate_Status	840	static
main.c:155:5:main	1264	static
main.c:1167:6:_Error_Handler	0	static
